Component: ARM Compiler 5.06 update 6 (build 750) Tool: armlink [4d35ed]

==============================================================================

Section Cross References

    sx1276.o(i.GetFskBandwidthRegValue) refers to sx1276.o(.constdata) for .constdata
    sx1276.o(i.RxChainCalibration) refers to sx1276.o(i.SX1276Read) for SX1276Read
    sx1276.o(i.RxChainCalibration) refers to sx1276.o(i.SX1276Write) for SX1276Write
    sx1276.o(i.RxChainCalibration) refers to sx1276.o(i.SX1276SetChannel) for SX1276SetChannel
    sx1276.o(i.SX1276BoardInit) refers to sx1276.o(.data) for .data
    sx1276.o(i.SX1276GetStatus) refers to sx1276.o(.bss) for .bss
    sx1276.o(i.SX1276GetTimeOnAir) refers to dfltui.o(.text) for __aeabi_ui2d
    sx1276.o(i.SX1276GetTimeOnAir) refers to sx1276.o(i.SX1276Read) for SX1276Read
    sx1276.o(i.SX1276GetTimeOnAir) refers to dadd.o(.text) for __aeabi_dadd
    sx1276.o(i.SX1276GetTimeOnAir) refers to dscalb.o(.text) for __ARM_scalbn
    sx1276.o(i.SX1276GetTimeOnAir) refers to ddiv.o(.text) for __aeabi_ddiv
    sx1276.o(i.SX1276GetTimeOnAir) refers to dmul.o(.text) for __aeabi_dmul
    sx1276.o(i.SX1276GetTimeOnAir) refers to round.o(i.round) for round
    sx1276.o(i.SX1276GetTimeOnAir) refers to dflti.o(.text) for __aeabi_i2d
    sx1276.o(i.SX1276GetTimeOnAir) refers to ceil.o(i.ceil) for ceil
    sx1276.o(i.SX1276GetTimeOnAir) refers to cdrcmple.o(.text) for __aeabi_cdrcmple
    sx1276.o(i.SX1276GetTimeOnAir) refers to floor.o(i.floor) for floor
    sx1276.o(i.SX1276GetTimeOnAir) refers to dfixui.o(.text) for __aeabi_d2uiz
    sx1276.o(i.SX1276GetTimeOnAir) refers to sx1276.o(.bss) for .bss
    sx1276.o(i.SX1276GetWakeupTime) refers to sx1276.o(.data) for .data
    sx1276.o(i.SX1276Init) refers to timeserver.o(i.TimerInit) for TimerInit
    sx1276.o(i.SX1276Init) refers to sx1276.o(i.SX1276Reset) for SX1276Reset
    sx1276.o(i.SX1276Init) refers to sx1276.o(i.RxChainCalibration) for RxChainCalibration
    sx1276.o(i.SX1276Init) refers to sx1276.o(i.SX1276SetOpMode) for SX1276SetOpMode
    sx1276.o(i.SX1276Init) refers to sx1276.o(i.SX1276SetModem) for SX1276SetModem
    sx1276.o(i.SX1276Init) refers to sx1276.o(i.SX1276Write) for SX1276Write
    sx1276.o(i.SX1276Init) refers to sx1276.o(.data) for .data
    sx1276.o(i.SX1276Init) refers to sx1276.o(i.SX1276OnTimeoutIrq) for SX1276OnTimeoutIrq
    sx1276.o(i.SX1276Init) refers to sx1276.o(.bss) for .bss
    sx1276.o(i.SX1276Init) refers to sx1276.o(.constdata) for .constdata
    sx1276.o(i.SX1276IsChannelFree) refers to sx1276.o(i.SX1276SetModem) for SX1276SetModem
    sx1276.o(i.SX1276IsChannelFree) refers to sx1276.o(i.SX1276SetChannel) for SX1276SetChannel
    sx1276.o(i.SX1276IsChannelFree) refers to sx1276.o(i.SX1276SetOpMode) for SX1276SetOpMode
    sx1276.o(i.SX1276IsChannelFree) refers to delay.o(i.DelayMs) for DelayMs
    sx1276.o(i.SX1276IsChannelFree) refers to timeserver.o(i.TimerGetCurrentTime) for TimerGetCurrentTime
    sx1276.o(i.SX1276IsChannelFree) refers to sx1276.o(i.SX1276ReadRssi) for SX1276ReadRssi
    sx1276.o(i.SX1276IsChannelFree) refers to timeserver.o(i.TimerGetElapsedTime) for TimerGetElapsedTime
    sx1276.o(i.SX1276IsChannelFree) refers to sx1276.o(i.SX1276SetSleep) for SX1276SetSleep
    sx1276.o(i.SX1276OnDio0Irq) refers to timeserver.o(i.TimerStop) for TimerStop
    sx1276.o(i.SX1276OnDio0Irq) refers to sx1276.o(i.SX1276Write) for SX1276Write
    sx1276.o(i.SX1276OnDio0Irq) refers to sx1276.o(i.SX1276Read) for SX1276Read
    sx1276.o(i.SX1276OnDio0Irq) refers to timeserver.o(i.TimerStart) for TimerStart
    sx1276.o(i.SX1276OnDio0Irq) refers to sx1276.o(i.SX1276ReadFifo) for SX1276ReadFifo
    sx1276.o(i.SX1276OnDio0Irq) refers to sx1276.o(.bss) for .bss
    sx1276.o(i.SX1276OnDio0Irq) refers to sx1276.o(.data) for .data
    sx1276.o(i.SX1276OnDio1Irq) refers to sx1276.o(i.SX1276WriteFifo) for SX1276WriteFifo
    sx1276.o(i.SX1276OnDio1Irq) refers to timeserver.o(i.TimerStop) for TimerStop
    sx1276.o(i.SX1276OnDio1Irq) refers to sx1276.o(i.SX1276Write) for SX1276Write
    sx1276.o(i.SX1276OnDio1Irq) refers to sx1276.o(i.SX1276Read) for SX1276Read
    sx1276.o(i.SX1276OnDio1Irq) refers to sx1276.o(i.SX1276ReadFifo) for SX1276ReadFifo
    sx1276.o(i.SX1276OnDio1Irq) refers to sx1276.o(.bss) for .bss
    sx1276.o(i.SX1276OnDio1Irq) refers to sx1276.o(.data) for .data
    sx1276.o(i.SX1276OnDio2Irq) refers to sx1276.o(i.SX1276Write) for SX1276Write
    sx1276.o(i.SX1276OnDio2Irq) refers to sx1276.o(i.SX1276Read) for SX1276Read
    sx1276.o(i.SX1276OnDio2Irq) refers to timeserver.o(i.TimerStop) for TimerStop
    sx1276.o(i.SX1276OnDio2Irq) refers to sx1276.o(.bss) for .bss
    sx1276.o(i.SX1276OnDio2Irq) refers to sx1276.o(.data) for .data
    sx1276.o(i.SX1276OnDio3Irq) refers to sx1276.o(i.SX1276Read) for SX1276Read
    sx1276.o(i.SX1276OnDio3Irq) refers to sx1276.o(i.SX1276Write) for SX1276Write
    sx1276.o(i.SX1276OnDio3Irq) refers to sx1276.o(.bss) for .bss
[...]
    HW_SPI_IoInit                            0x08001f55   Thumb Code    84  hw_spi.o(i.HW_SPI_IoInit)
    IsNewCharReceived                        0x08001fad   Thumb Code    28  vcom.o(i.IsNewCharReceived)
    LL_DMA_Init                              0x08002015   Thumb Code    94  stm32l0xx_ll_dma.o(i.LL_DMA_Init)
    LL_LPUART_Init                           0x080020f1   Thumb Code   106  stm32l0xx_ll_lpuart.o(i.LL_LPUART_Init)
    LL_RCC_GetLPUARTClockFreq                0x08002171   Thumb Code    76  stm32l0xx_ll_rcc.o(i.LL_RCC_GetLPUARTClockFreq)
    LL_RTC_EnterInitMode                     0x0800223d   Thumb Code    70  stm32l0xx_ll_rtc.o(i.LL_RTC_EnterInitMode)
    LL_RTC_WaitForSynchro                    0x08002289   Thumb Code   110  stm32l0xx_ll_rtc.o(i.LL_RTC_WaitForSynchro)
    LL_SPI_Init                              0x080022fd   Thumb Code   102  stm32l0xx_ll_spi.o(i.LL_SPI_Init)
    LORA_Init                                0x0800236d   Thumb Code   186  lora.o(i.LORA_Init)
    LORA_Join                                0x08002445   Thumb Code   142  lora.o(i.LORA_Join)
    LORA_send                                0x080024e1   Thumb Code   118  lora.o(i.LORA_send)
    LPM_EnterLowPower                        0x0800255d   Thumb Code    46  low_power_manager.o(i.LPM_EnterLowPower)
    LPM_EnterOffMode                         0x08002591   Thumb Code     2  low_power_manager.o(i.LPM_EnterOffMode)
    LPM_EnterSleepMode                       0x08002595   Thumb Code    20  mlm32l0xx_hw.o(i.LPM_EnterSleepMode)
    LPM_EnterStopMode                        0x080025ad   Thumb Code   122  mlm32l0xx_hw.o(i.LPM_EnterStopMode)
    LPM_ExitOffMode                          0x08002639   Thumb Code     2  low_power_manager.o(i.LPM_ExitOffMode)
    LPM_ExitSleepMode                        0x0800263b   Thumb Code     2  low_power_manager.o(i.LPM_ExitSleepMode)
    LPM_ExitStopMode                         0x0800263d   Thumb Code    64  mlm32l0xx_hw.o(i.LPM_ExitStopMode)
    LPM_GetMode                              0x08002685   Thumb Code    36  low_power_manager.o(i.LPM_GetMode)
    LPM_SetOffMode                           0x080026ad   Thumb Code    34  low_power_manager.o(i.LPM_SetOffMode)
    LPM_SetStopMode                          0x080026d5   Thumb Code    34  low_power_manager.o(i.LPM_SetStopMode)
    LoRaMacComputeMic                        0x080026fd   Thumb Code   112  loramaccrypto.o(i.LoRaMacComputeMic)
    LoRaMacInitialization                    0x08002779   Thumb Code   514  loramac.o(i.LoRaMacInitialization)
    LoRaMacJoinComputeMic                    0x080029b1   Thumb Code    62  loramaccrypto.o(i.LoRaMacJoinComputeMic)
    LoRaMacJoinComputeSKeys                  0x080029f9   Thumb Code   130  loramaccrypto.o(i.LoRaMacJoinComputeSKeys)
    LoRaMacJoinDecrypt                       0x08002a81   Thumb Code    60  loramaccrypto.o(i.LoRaMacJoinDecrypt)
    LoRaMacMcpsRequest                       0x08002ac1   Thumb Code   288  loramac.o(i.LoRaMacMcpsRequest)
    LoRaMacMibGetRequestConfirm              0x08002bed   Thumb Code   240  loramac.o(i.LoRaMacMibGetRequestConfirm)
    LoRaMacMibSetRequestConfirm              0x08002ce9   Thumb Code   570  loramac.o(i.LoRaMacMibSetRequestConfirm)
    LoRaMacMlmeRequest                       0x08002f35   Thumb Code   238  loramac.o(i.LoRaMacMlmeRequest)
    LoRaMacPayloadDecrypt                    0x08003031   Thumb Code    16  loramaccrypto.o(i.LoRaMacPayloadDecrypt)
    LoRaMacPayloadEncrypt                    0x08003041   Thumb Code   182  loramaccrypto.o(i.LoRaMacPayloadEncrypt)
    LoRaMacQueryTxPossible                   0x08003101   Thumb Code   174  loramac.o(i.LoRaMacQueryTxPossible)
    LoRaMacTestSetDutyCycleOn                0x080031b9   Thumb Code    28  loramac.o(i.LoRaMacTestSetDutyCycleOn)
    OnCertifTimer                            0x0800331d   Thumb Code    30  lora.o(i.OnCertifTimer)
    PrepareFrame                             0x08003ddd   Thumb Code   620  loramac.o(i.PrepareFrame)
    RCC_GetHCLKClockFreq                     0x08004355   Thumb Code    18  stm32l0xx_ll_rcc.o(i.RCC_GetHCLKClockFreq)
    RCC_GetPCLK1ClockFreq                    0x08004371   Thumb Code    16  stm32l0xx_ll_rcc.o(i.RCC_GetPCLK1ClockFreq)
    RCC_GetSystemClockFreq                   0x08004389   Thumb Code    52  stm32l0xx_ll_rcc.o(i.RCC_GetSystemClockFreq)
    RCC_PLL_GetFreqDomain_SYS                0x080043cd   Thumb Code    48  stm32l0xx_ll_rcc.o(i.RCC_PLL_GetFreqDomain_SYS)
    RNG_LPUART1_IRQHandler                   0x08004409   Thumb Code     8  mlm32l0xx_it.o(i.RNG_LPUART1_IRQHandler)
    RTC_IRQHandler                           0x08004411   Thumb Code     8  mlm32l0xx_it.o(i.RTC_IRQHandler)
    RegionAS923AdrNext                       0x08004419   Thumb Code   144  regionas923.o(i.RegionAS923AdrNext)
    RegionAS923AlternateDr                   0x080044ad   Thumb Code     4  regionas923.o(i.RegionAS923AlternateDr)
    RegionAS923ApplyCFList                   0x080044b1   Thumb Code   116  regionas923.o(i.RegionAS923ApplyCFList)
    RegionAS923ApplyDrOffset                 0x08004525   Thumb Code    44  regionas923.o(i.RegionAS923ApplyDrOffset)
    RegionAS923CalcBackOff                   0x08004555   Thumb Code    48  regionas923.o(i.RegionAS923CalcBackOff)
    RegionAS923ChanMaskSet                   0x0800458d   Thumb Code    40  regionas923.o(i.RegionAS923ChanMaskSet)
    RegionAS923ChannelAdd                    0x080045b9   Thumb Code   206  regionas923.o(i.RegionAS923ChannelAdd)
    RegionAS923ChannelsRemove                0x08004691   Thumb Code    38  regionas923.o(i.RegionAS923ChannelsRemove)
    RegionAS923ComputeRxWindowParameters     0x080046c1   Thumb Code    92  regionas923.o(i.RegionAS923ComputeRxWindowParameters)
    RegionAS923DlChannelReq                  0x08004725   Thumb Code    50  regionas923.o(i.RegionAS923DlChannelReq)
    RegionAS923GetPhyParam                   0x0800475d   Thumb Code   202  regionas923.o(i.RegionAS923GetPhyParam)
    RegionAS923InitDefaults                  0x08004855   Thumb Code    66  regionas923.o(i.RegionAS923InitDefaults)
    RegionAS923LinkAdrReq                    0x080048a5   Thumb Code   286  regionas923.o(i.RegionAS923LinkAdrReq)
    RegionAS923NewChannelReq                 0x080049cd   Thumb Code    72  regionas923.o(i.RegionAS923NewChannelReq)
    RegionAS923NextChannel                   0x08004a15   Thumb Code   238  regionas923.o(i.RegionAS923NextChannel)
    RegionAS923RxConfig                      0x08004b11   Thumb Code   202  regionas923.o(i.RegionAS923RxConfig)
    RegionAS923RxParamSetupReq               0x08004bf1   Thumb Code    64  regionas923.o(i.RegionAS923RxParamSetupReq)
    RegionAS923SetBandTxDone                 0x08004c35   Thumb Code    30  regionas923.o(i.RegionAS923SetBandTxDone)
    RegionAS923SetContinuousWave             0x08004c5d   Thumb Code    60  regionas923.o(i.RegionAS923SetContinuousWave)
    RegionAS923TxConfig                      0x08004ca5   Thumb Code   196  regionas923.o(i.RegionAS923TxConfig)
    RegionAS923TxParamSetupReq               0x08004d81   Thumb Code     4  regionas923.o(i.RegionAS923TxParamSetupReq)
    RegionAS923Verify                        0x08004d85   Thumb Code    74  regionas923.o(i.RegionAS923Verify)
    RegionAdrNext                            0x08004dcf   Thumb Code    30  region.o(i.RegionAdrNext)
    RegionAlternateDr                        0x08004ded   Thumb Code    18  region.o(i.RegionAlternateDr)
    RegionApplyCFList                        0x08004dff   Thumb Code    14  region.o(i.RegionApplyCFList)
    RegionApplyDrOffset                      0x08004e0d   Thumb Code    26  region.o(i.RegionApplyDrOffset)
    RegionCalcBackOff                        0x08004e27   Thumb Code    14  region.o(i.RegionCalcBackOff)
    RegionChanMaskSet                        0x08004e35   Thumb Code    18  region.o(i.RegionChanMaskSet)
    RegionCommonCalcBackOff                  0x08004e47   Thumb Code    92  regioncommon.o(i.RegionCommonCalcBackOff)
    RegionCommonChanDisable                  0x08004ea3   Thumb Code    38  regioncommon.o(i.RegionCommonChanDisable)
    RegionCommonChanMaskCopy                 0x08004ec9   Thumb Code    30  regioncommon.o(i.RegionCommonChanMaskCopy)
    RegionCommonChanVerifyDr                 0x08004ee7   Thumb Code    96  regioncommon.o(i.RegionCommonChanVerifyDr)
    RegionCommonComputeRxWindowParameters    0x08004f47   Thumb Code   144  regioncommon.o(i.RegionCommonComputeRxWindowParameters)
    RegionCommonComputeSymbolTimeFsk         0x08004fd9   Thumb Code    20  regioncommon.o(i.RegionCommonComputeSymbolTimeFsk)
    RegionCommonComputeSymbolTimeLoRa        0x08004ff1   Thumb Code    40  regioncommon.o(i.RegionCommonComputeSymbolTimeLoRa)
    RegionCommonComputeTxPower               0x0800501d   Thumb Code    40  regioncommon.o(i.RegionCommonComputeTxPower)
    RegionCommonCountChannels                0x08005045   Thumb Code    68  regioncommon.o(i.RegionCommonCountChannels)
    RegionCommonGetJoinDc                    0x08005089   Thumb Code    26  regioncommon.o(i.RegionCommonGetJoinDc)
    RegionCommonLinkAdrReqVerifyParams       0x080050b1   Thumb Code   152  regioncommon.o(i.RegionCommonLinkAdrReqVerifyParams)
    RegionCommonParseLinkAdrReq              0x08005149   Thumb Code    54  regioncommon.o(i.RegionCommonParseLinkAdrReq)
    RegionCommonSetBandTxDone                0x0800517f   Thumb Code    10  regioncommon.o(i.RegionCommonSetBandTxDone)
    RegionCommonUpdateBandTimeOff            0x08005189   Thumb Code   190  regioncommon.o(i.RegionCommonUpdateBandTimeOff)
    RegionCommonValueInRange                 0x08005247   Thumb Code    16  regioncommon.o(i.RegionCommonValueInRange)
    RegionComputeRxWindowParameters          0x08005257   Thumb Code    26  region.o(i.RegionComputeRxWindowParameters)
    RegionDlChannelReq                       0x08005271   Thumb Code    18  region.o(i.RegionDlChannelReq)
    RegionGetPhyParam                        0x08005283   Thumb Code    20  region.o(i.RegionGetPhyParam)
    RegionInitDefaults                       0x08005297   Thumb Code    14  region.o(i.RegionInitDefaults)
    RegionIsActive                           0x080052a5   Thumb Code    12  region.o(i.RegionIsActive)
    RegionLinkAdrReq                         0x080052b1   Thumb Code    34  region.o(i.RegionLinkAdrReq)
    RegionNewChannelReq                      0x080052d3   Thumb Code    18  region.o(i.RegionNewChannelReq)
    RegionNextChannel                        0x080052e5   Thumb Code    30  region.o(i.RegionNextChannel)
    RegionRxConfig                           0x08005303   Thumb Code    22  region.o(i.RegionRxConfig)
    RegionRxParamSetupReq                    0x08005319   Thumb Code    18  region.o(i.RegionRxParamSetupReq)
    RegionSetBandTxDone                      0x0800532b   Thumb Code    14  region.o(i.RegionSetBandTxDone)
    RegionSetContinuousWave                  0x08005339   Thumb Code    14  region.o(i.RegionSetContinuousWave)
    RegionTxConfig                           0x08005347   Thumb Code    26  region.o(i.RegionTxConfig)
    RegionTxParamSetupReq                    0x08005361   Thumb Code    18  region.o(i.RegionTxParamSetupReq)
    RegionVerify                             0x08005373   Thumb Code    22  region.o(i.RegionVerify)
    RxChainCalibration                       0x08005411   Thumb Code   138  sx1276.o(i.RxChainCalibration)
    SX1276BoardInit                          0x080054bd   Thumb Code     6  sx1276.o(i.SX1276BoardInit)
    SX1276CheckRfFrequency                   0x080054c9   Thumb Code     4  mlm32l07x01.o(i.SX1276CheckRfFrequency)
    SX1276GetPaSelect                        0x080054cd   Thumb Code    12  mlm32l07x01.o(i.SX1276GetPaSelect)
    SX1276GetStatus                          0x080054d9   Thumb Code     6  sx1276.o(i.SX1276GetStatus)
    SX1276GetTimeOnAir                       0x080054e5   Thumb Code   444  sx1276.o(i.SX1276GetTimeOnAir)
    SX1276GetWakeTime                        0x080056c9   Thumb Code     4  mlm32l07x01.o(i.SX1276GetWakeTime)
    SX1276GetWakeupTime                      0x080056cd   Thumb Code    14  sx1276.o(i.SX1276GetWakeupTime)
    SX1276Init                               0x080056e1   Thumb Code   122  sx1276.o(i.SX1276Init)
    SX1276IoDeInit                           0x0800576d   Thumb Code    68  mlm32l07x01.o(i.SX1276IoDeInit)
    SX1276IoInit                             0x080057bd   Thumb Code    94  mlm32l07x01.o(i.SX1276IoInit)
    SX1276IoIrqInit                          0x0800582d   Thumb Code    58  mlm32l07x01.o(i.SX1276IoIrqInit)
    SX1276IsChannelFree                      0x08005871   Thumb Code    78  sx1276.o(i.SX1276IsChannelFree)
    SX1276OnDio0Irq                          0x080058c1   Thumb Code   580  sx1276.o(i.SX1276OnDio0Irq)
    SX1276OnDio1Irq                          0x08005b15   Thumb Code   188  sx1276.o(i.SX1276OnDio1Irq)
    SX1276OnDio2Irq                          0x08005bd9   Thumb Code   166  sx1276.o(i.SX1276OnDio2Irq)
    SX1276OnDio3Irq                          0x08005c8d   Thumb Code    76  sx1276.o(i.SX1276OnDio3Irq)
    SX1276OnDio4Irq                          0x08005ce1   Thumb Code    24  sx1276.o(i.SX1276OnDio4Irq)
    SX1276OnTimeoutIrq                       0x08005cfd   Thumb Code   188  sx1276.o(i.SX1276OnTimeoutIrq)
    SX1276Random                             0x08005dc5   Thumb Code    62  sx1276.o(i.SX1276Random)
    SX1276Read                               0x08005e03   Thumb Code    16  sx1276.o(i.SX1276Read)
    SX1276ReadBuffer                         0x08005e13   Thumb Code    66  sx1276.o(i.SX1276ReadBuffer)
    SX1276ReadFifo                           0x08005e55   Thumb Code    14  sx1276.o(i.SX1276ReadFifo)
    SX1276ReadRssi                           0x08005e65   Thumb Code    58  sx1276.o(i.SX1276ReadRssi)
    SX1276Reset                              0x08005ea9   Thumb Code    74  sx1276.o(i.SX1276Reset)
    SX1276Send                               0x08005ef9   Thumb Code   230  sx1276.o(i.SX1276Send)
    SX1276SetAntSw                           0x08005fe9   Thumb Code    60  mlm32l07x01.o(i.SX1276SetAntSw)
    SX1276SetAntSwLowPower                   0x0800602d   Thumb Code   110  mlm32l07x01.o(i.SX1276SetAntSwLowPower)
    SX1276SetChannel                         0x080060a1   Thumb Code    72  sx1276.o(i.SX1276SetChannel)
    SX1276SetMaxPayloadLength                0x080060f1   Thumb Code    42  sx1276.o(i.SX1276SetMaxPayloadLength)
    SX1276SetModem                           0x08006121   Thumb Code   106  sx1276.o(i.SX1276SetModem)
    SX1276SetOpMode                          0x08006191   Thumb Code    86  sx1276.o(i.SX1276SetOpMode)
    SX1276SetPublicNetwork                   0x080061ed   Thumb Code    32  sx1276.o(i.SX1276SetPublicNetwork)
    SX1276SetRfTxPower                       0x08006211   Thumb Code   152  mlm32l07x01.o(i.SX1276SetRfTxPower)
    SX1276SetRx                              0x080062a9   Thumb Code   474  sx1276.o(i.SX1276SetRx)
    SX1276SetRxConfig                        0x080064a5   Thumb Code   628  sx1276.o(i.SX1276SetRxConfig)
    SX1276SetSleep                           0x0800672d   Thumb Code    32  sx1276.o(i.SX1276SetSleep)
    SX1276SetStby                            0x08006751   Thumb Code    32  sx1276.o(i.SX1276SetStby)
    SX1276SetTx                              0x08006775   Thumb Code   158  sx1276.o(i.SX1276SetTx)
    SX1276SetTxConfig                        0x08006819   Thumb Code   490  sx1276.o(i.SX1276SetTxConfig)
    SX1276SetTxContinuousWave                0x08006a15   Thumb Code   120  sx1276.o(i.SX1276SetTxContinuousWave)
    SX1276SetXO                              0x08006a91   Thumb Code    40  mlm32l07x01.o(i.SX1276SetXO)
    SX1276StartCad                           0x08006ab9   Thumb Code    50  sx1276.o(i.SX1276StartCad)
    SX1276Write                              0x08006af1   Thumb Code    12  sx1276.o(i.SX1276Write)
    SX1276WriteBuffer                        0x08006afd   Thumb Code    66  sx1276.o(i.SX1276WriteBuffer)
    SX1276WriteFifo                          0x08006b3f   Thumb Code    14  sx1276.o(i.SX1276WriteFifo)
    Send                                     0x08006c7d   Thumb Code    56  loramac.o(i.Send)
    SendFrameOnChannel                       0x08006cbd   Thumb Code   122  loramac.o(i.SendFrameOnChannel)
    SetTxContinuousWave                      0x08006d65   Thumb Code    74  loramac.o(i.SetTxContinuousWave)
    SetTxContinuousWave1                     0x08006db9   Thumb Code    48  loramac.o(i.SetTxContinuousWave1)
    SystemClock_Config                       0x08006df5   Thumb Code    54  mlm32l0xx_hw.o(i.SystemClock_Config)
    SystemInit                               0x08006e35   Thumb Code    66  system_stm32l0xx.o(i.SystemInit)
    TST_RX_LoraStart                         0x08006e89   Thumb Code   108  test_rf.o(i.TST_RX_LoraStart)
    TST_RxTone                               0x08006efd   Thumb Code   134  test_rf.o(i.TST_RxTone)
    TST_SET_lora_config                      0x08006f91   Thumb Code   176  test_rf.o(i.TST_SET_lora_config)
    TST_TX_LoraStart                         0x08007061   Thumb Code   110  test_rf.o(i.TST_TX_LoraStart)
    TST_TxTone                               0x080070f1   Thumb Code   204  test_rf.o(i.TST_TxTone)
    TST_get_lora_config                      0x080071c9   Thumb Code    80  test_rf.o(i.TST_get_lora_config)
    TST_stop                                 0x08007299   Thumb Code    50  test_rf.o(i.TST_stop)
    TimerGetCurrentTime                      0x080072e9   Thumb Code    12  timeserver.o(i.TimerGetCurrentTime)
    TimerGetElapsedTime                      0x080072f5   Thumb Code    24  timeserver.o(i.TimerGetElapsedTime)
    TimerInit                                0x0800730d   Thumb Code    14  timeserver.o(i.TimerInit)
    TimerIrqHandler                          0x08007339   Thumb Code   116  timeserver.o(i.TimerIrqHandler)
    TimerSetValue                            0x080073dd   Thumb Code    34  timeserver.o(i.TimerSetValue)
    TimerStart                               0x08007401   Thumb Code   108  timeserver.o(i.TimerStart)
    TimerStop                                0x08007471   Thumb Code    92  timeserver.o(i.TimerStop)
    __ARM_clz                                0x08007549   Thumb Code    46  depilogue.o(i.__ARM_clz)
    __ARM_common_ll_muluu                    0x08007577   Thumb Code    48  hw_rtc.o(i.__ARM_common_ll_muluu)
    __ARM_common_switch8                     0x080075a7   Thumb Code    26  sx1276.o(i.__ARM_common_switch8)
    __scatterload_copy                       0x080075c1   Thumb Code    14  handlers.o(i.__scatterload_copy)
    __scatterload_null                       0x080075cf   Thumb Code     2  handlers.o(i.__scatterload_null)
    __scatterload_zeroinit                   0x080075d1   Thumb Code    14  handlers.o(i.__scatterload_zeroinit)
    aes_encrypt                              0x080075df   Thumb Code    84  aes.o(i.aes_encrypt)
    aes_set_key                              0x08007635   Thumb Code   248  aes.o(i.aes_set_key)
    at_ADR_get                               0x08007731   Thumb Code    34  at.o(i.at_ADR_get)
    at_ADR_set                               0x08007753   Thumb Code    42  at.o(i.at_ADR_set)
    at_AppEUI_get                            0x0800777d   Thumb Code    14  at.o(i.at_AppEUI_get)
    at_AppEUI_set                            0x0800778d   Thumb Code    60  at.o(i.at_AppEUI_set)
    at_AppKey_get                            0x080077f1   Thumb Code    14  at.o(i.at_AppKey_get)
    at_AppKey_set                            0x080077ff   Thumb Code    28  at.o(i.at_AppKey_set)
    at_AppSKey_get                           0x0800781b   Thumb Code    32  at.o(i.at_AppSKey_get)
    at_AppSKey_set                           0x0800783b   Thumb Code    42  at.o(i.at_AppSKey_set)
    at_Certif                                0x08007865   Thumb Code    10  at.o(i.at_Certif)
    at_DataRate_get                          0x0800786f   Thumb Code    14  at.o(i.at_DataRate_get)
    at_DataRate_set                          0x0800787d   Thumb Code    32  at.o(i.at_DataRate_set)
    at_DevAddr_get                           0x080078a5   Thumb Code    32  at.o(i.at_DevAddr_get)
    at_DevAddr_set                           0x080078c5   Thumb Code    34  at.o(i.at_DevAddr_set)
    at_DevEUI_get                            0x080078e7   Thumb Code    14  at.o(i.at_DevEUI_get)
    at_DeviceClass_get                       0x080078f5   Thumb Code    38  at.o(i.at_DeviceClass_get)
    at_DeviceClass_set                       0x08007925   Thumb Code    42  at.o(i.at_DeviceClass_set)
    at_DownlinkCounter_get                   0x0800794f   Thumb Code    32  at.o(i.at_DownlinkCounter_get)
    at_DownlinkCounter_set                   0x08007971   Thumb Code    36  at.o(i.at_DownlinkCounter_set)
    at_DutyCycle_get                         0x08007999   Thumb Code    24  at.o(i.at_DutyCycle_get)
    at_DutyCycle_set                         0x080079b9   Thumb Code    30  at.o(i.at_DutyCycle_set)
    at_Join                                  0x080079d7   Thumb Code    10  at.o(i.at_Join)
    at_JoinAcceptDelay1_get                  0x080079e1   Thumb Code    32  at.o(i.at_JoinAcceptDelay1_get)
    at_JoinAcceptDelay1_set                  0x08007a01   Thumb Code    36  at.o(i.at_JoinAcceptDelay1_set)
    at_JoinAcceptDelay2_get                  0x08007a29   Thumb Code    32  at.o(i.at_JoinAcceptDelay2_get)
    at_JoinAcceptDelay2_set                  0x08007a49   Thumb Code    36  at.o(i.at_JoinAcceptDelay2_set)
    at_NetworkID_get                         0x08007a71   Thumb Code    32  at.o(i.at_NetworkID_get)
    at_NetworkID_set                         0x08007a91   Thumb Code    34  at.o(i.at_NetworkID_set)
    at_NetworkJoinMode_get                   0x08007ab3   Thumb Code    20  at.o(i.at_NetworkJoinMode_get)
    at_NetworkJoinMode_set                   0x08007ac7   Thumb Code    30  at.o(i.at_NetworkJoinMode_set)
    at_NetworkJoinStatus                     0x08007ae5   Thumb Code    40  at.o(i.at_NetworkJoinStatus)
    at_NwkSKey_get                           0x08007b0d   Thumb Code    32  at.o(i.at_NwkSKey_get)
    at_NwkSKey_set                           0x08007b2d   Thumb Code    42  at.o(i.at_NwkSKey_set)
    at_PublicNetwork_get                     0x08007b57   Thumb Code    34  at.o(i.at_PublicNetwork_get)
    at_PublicNetwork_set                     0x08007b79   Thumb Code    42  at.o(i.at_PublicNetwork_set)
    at_Receive                               0x08007ba5   Thumb Code    40  at.o(i.at_Receive)
    at_ReceiveBinary                         0x08007be1   Thumb Code    46  at.o(i.at_ReceiveBinary)
    at_Rx1Delay_get                          0x08007c29   Thumb Code    32  at.o(i.at_Rx1Delay_get)
    at_Rx1Delay_set                          0x08007c49   Thumb Code    36  at.o(i.at_Rx1Delay_set)
    at_Rx2DataRate_get                       0x08007c71   Thumb Code    34  at.o(i.at_Rx2DataRate_get)
    at_Rx2DataRate_set                       0x08007c95   Thumb Code    54  at.o(i.at_Rx2DataRate_set)
    at_Rx2Delay_get                          0x08007cd5   Thumb Code    32  at.o(i.at_Rx2Delay_get)
    at_Rx2Delay_set                          0x08007cf5   Thumb Code    36  at.o(i.at_Rx2Delay_set)
    at_Rx2Frequency_get                      0x08007d1d   Thumb Code    32  at.o(i.at_Rx2Frequency_get)
    at_Rx2Frequency_set                      0x08007d3d   Thumb Code    54  at.o(i.at_Rx2Frequency_set)
    at_Send                                  0x08007d79   Thumb Code    98  at.o(i.at_Send)
    at_SendBinary                            0x08007de5   Thumb Code   142  at.o(i.at_SendBinary)
    at_TransmitPower_get                     0x08007e85   Thumb Code    36  at.o(i.at_TransmitPower_get)
    at_TransmitPower_set                     0x08007ea9   Thumb Code    36  at.o(i.at_TransmitPower_set)
    at_UplinkCounter_get                     0x08007ed5   Thumb Code    32  at.o(i.at_UplinkCounter_get)
    at_UplinkCounter_set                     0x08007ef5   Thumb Code    36  at.o(i.at_UplinkCounter_set)
    at_ack_get                               0x08007f1d   Thumb Code    20  at.o(i.at_ack_get)
    at_ack_set                               0x08007f31   Thumb Code    30  at.o(i.at_ack_set)
    at_bat_get                               0x08007f4f   Thumb Code    14  at.o(i.at_bat_get)
    at_isack_get                             0x08007f5d   Thumb Code    20  at.o(i.at_isack_get)
    at_reset                                 0x08007f71   Thumb Code    18  at.o(i.at_reset)
    at_return_error                          0x08007f8d   Thumb Code     4  at.o(i.at_return_error)
    at_rssi_get                              0x08007f91   Thumb Code    14  at.o(i.at_rssi_get)
    at_snr_get                               0x08007f9f   Thumb Code    14  at.o(i.at_snr_get)
    at_test_get_lora_config                  0x08007fad   Thumb Code    18  at.o(i.at_test_get_lora_config)
    at_test_rxTone                           0x08007fbf   Thumb Code    18  at.o(i.at_test_rxTone)
    at_test_rxlora                           0x08007fd1   Thumb Code    10  at.o(i.at_test_rxlora)
    at_test_set_lora_config                  0x08007fdb   Thumb Code    18  at.o(i.at_test_set_lora_config)
    at_test_stop                             0x08007fed   Thumb Code     8  at.o(i.at_test_stop)
    at_test_txTone                           0x08007ff5   Thumb Code    18  at.o(i.at_test_txTone)
    at_test_txlora                           0x08008007   Thumb Code    20  at.o(i.at_test_txlora)
    at_version_get                           0x0800801d   Thumb Code    12  at.o(i.at_version_get)
    ceil                                     0x08008031   Thumb Code   180  ceil.o(i.ceil)
    certif_DownLinkIncrement                 0x080080f9   Thumb Code    10  lora-test.o(i.certif_DownLinkIncrement)
    certif_linkCheck                         0x08008109   Thumb Code    16  lora-test.o(i.certif_linkCheck)
    certif_running                           0x0800811d   Thumb Code     6  lora-test.o(i.certif_running)
    certif_rx                                0x08008129   Thumb Code   374  lora-test.o(i.certif_rx)
    floor                                    0x08008539   Thumb Code   180  floor.o(i.floor)
    lora_config_appeui_get                   0x0800861d   Thumb Code     4  lora.o(i.lora_config_appeui_get)
    lora_config_appeui_set                   0x08008625   Thumb Code    14  lora.o(i.lora_config_appeui_set)
    lora_config_appkey_get                   0x08008639   Thumb Code     4  lora.o(i.lora_config_appkey_get)
    lora_config_appkey_set                   0x08008641   Thumb Code    14  lora.o(i.lora_config_appkey_set)
    lora_config_deveui_get                   0x08008655   Thumb Code     4  lora.o(i.lora_config_deveui_get)
    lora_config_duty_cycle_get               0x0800865d   Thumb Code     6  lora.o(i.lora_config_duty_cycle_get)
    lora_config_duty_cycle_set               0x08008669   Thumb Code    18  lora.o(i.lora_config_duty_cycle_set)
    lora_config_isack_get                    0x08008681   Thumb Code    18  lora.o(i.lora_config_isack_get)
    lora_config_otaa_get                     0x08008699   Thumb Code     6  lora.o(i.lora_config_otaa_get)
    lora_config_otaa_set                     0x080086a5   Thumb Code     6  lora.o(i.lora_config_otaa_set)
    lora_config_reqack_get                   0x080086b1   Thumb Code     6  lora.o(i.lora_config_reqack_get)
    lora_config_reqack_set                   0x080086bd   Thumb Code     6  lora.o(i.lora_config_reqack_set)
    lora_config_rssi_get                     0x080086c9   Thumb Code     8  lora.o(i.lora_config_rssi_get)
    lora_config_snr_get                      0x080086d5   Thumb Code     8  lora.o(i.lora_config_snr_get)
    lora_config_tx_datarate_get              0x080086e1   Thumb Code     8  lora.o(i.lora_config_tx_datarate_get)
    lora_config_tx_datarate_set              0x080086ed   Thumb Code     6  lora.o(i.lora_config_tx_datarate_set)
    lora_wan_certif                          0x080086f9   Thumb Code    38  lora.o(i.lora_wan_certif)
    main                                     0x08008729   Thumb Code    58  main.o(i.main)
    memcpy1                                  0x08008769   Thumb Code    22  utilities.o(i.memcpy1)
    memcpyr                                  0x0800877f   Thumb Code    26  utilities.o(i.memcpyr)
    memset1                                  0x08008799   Thumb Code    18  utilities.o(i.memset1)
    rand1                                    0x08008b6d   Thumb Code    26  utilities.o(i.rand1)
    randr                                    0x08008b99   Thumb Code    22  utilities.o(i.randr)
    round                                    0x08008bb1   Thumb Code   142  round.o(i.round)
    set_at_receive                           0x08008c4d   Thumb Code    28  at.o(i.set_at_receive)
    srand1                                   0x08008cd9   Thumb Code     6  utilities.o(i.srand1)
    tiny_sscanf                              0x08008d5d   Thumb Code    20  tiny_sscanf.o(i.tiny_sscanf)
    tiny_vsnprintf_like                      0x08008fc5   Thumb Code   338  tiny_vsnprintf.o(i.tiny_vsnprintf_like)
    vcom_Dma_IRQHandler                      0x08009141   Thumb Code    90  vcom.o(i.vcom_Dma_IRQHandler)
    vcom_IRQHandler                          0x080091ad   Thumb Code   190  vcom.o(i.vcom_IRQHandler)
    vcom_Init                                0x08009275   Thumb Code   126  vcom.o(i.vcom_Init)
    vcom_IoInit                              0x080092fd   Thumb Code    50  vcom.o(i.vcom_IoInit)
    vcom_ReceiveInit                         0x08009375   Thumb Code    50  vcom.o(i.vcom_ReceiveInit)
    vcom_Send                                0x080093ad   Thumb Code   244  vcom.o(i.vcom_Send)
    RadioRegsInit                            0x080095c0   Data          48  sx1276.o(.constdata)
    FskBandwidths                            0x080095f0   Data         176  sx1276.o(.constdata)
    Radio                                    0x080096a0   Data         116  mlm32l07x01.o(.constdata)
    AHBPrescTable                            0x08009714   Data          16  system_stm32l0xx.o(.constdata)
    PLLMulTable                              0x08009724   Data           9  system_stm32l0xx.o(.constdata)
    APBPrescTable                            0x0800972d   Data           8  system_stm32l0xx.o(.constdata)
    Region$$Table$$Base                      0x0800ab50   Number         0  anon$$obj.o(Region$$Table)
    Region$$Table$$Limit                     0x0800ab70   Number         0  anon$$obj.o(Region$$Table)
    DioIrq                                   0x20000008   Data          24  sx1276.o(.data)
    SystemCoreClock                          0x20000038   Data           4  system_stm32l0xx.o(.data)
    adc_state                                0x200000e8   Data           4  mlm32l0xx_hw.o(.data)
    LoRaMacFlags                             0x20000125   Data           1  loramac.o(.data)
    LoRaMacState                             0x20000140   Data           4  loramac.o(.data)
    TxTimeOnAir                              0x20000144   Data           4  loramac.o(.data)
    SX1276                                   0x200002bc   Data         104  sx1276.o(.bss)
    TxTimeoutTimer                           0x20000324   Data          20  sx1276.o(.bss)
    RxTimeoutTimer                           0x20000338   Data          20  sx1276.o(.bss)
    RxTimeoutSyncWord                        0x2000034c   Data          20  sx1276.o(.bss)
    LoRaMacParams                            0x20000980   Data          56  loramac.o(.bss)
    LoRaMacParamsDefaults                    0x200009b8   Data          56  loramac.o(.bss)
    __initial_sp                             0x20001220   Data           0  startup_stm32l072xx.o(STACK)



==============================================================================

Memory Map of the image

  Image Entry point : 0x080000c1

  Load Region LR_IROM1 (Base: 0x08000000, Size: 0x0000ad2c, Max: 0x00030000, ABSOLUTE, COMPRESSED[0x0000ac08])

    Execution Region ER_IROM1 (Exec base: 0x08000000, Load base: 0x08000000, Size: 0x0000ab70, Max: 0x00030000, ABSOLUTE)

    Exec Addr    Load Addr    Size         Type   Attr      Idx    E Section Name        Object

    0x08000000   0x08000000   0x000000c0   Data   RO         1157    RESET               startup_stm32l072xx.o
    0x080000c0   0x080000c0   0x00000000   Code   RO         5469  * .ARM.Collect$$$$00000000  mc_p.l(entry.o)
    0x080000c0   0x080000c0   0x00000004   Code   RO         5524    .ARM.Collect$$$$00000001  mc_p.l(entry2.o)
    0x080000c4   0x080000c4   0x00000004   Code   RO         5527    .ARM.Collect$$$$00000004  mc_p.l(entry5.o)
    0x080000c8   0x080000c8   0x00000000   Code   RO         5529    .ARM.Collect$$$$00000008  mc_p.l(entry7b.o)
    0x080000c8   0x080000c8   0x00000000   Code   RO         5531    .ARM.Collect$$$$0000000A  mc_p.l(entry8b.o)
    0x080000c8   0x080000c8   0x00000008   Code   RO         5532    .ARM.Collect$$$$0000000B  mc_p.l(entry9a.o)
    0x080000d0   0x080000d0   0x00000000   Code   RO         5534    .ARM.Collect$$$$0000000D  mc_p.l(entry10a.o)
    0x080000d0   0x080000d0   0x00000000   Code   RO         5536    .ARM.Collect$$$$0000000F  mc_p.l(entry11a.o)
    0x080000d0   0x080000d0   0x00000004   Code   RO         5525    .ARM.Collect$$$$00002712  mc_p.l(entry2.o)
    0x080000d4   0x080000d4   0x0000001c   Code   RO         1158    .text               startup_stm32l072xx.o
    0x080000f0   0x080000f0   0x0000002c   Code   RO         5472    .text               mc_p.l(uidiv.o)
    0x0800011c   0x0800011c   0x00000028   Code   RO         5474    .text               mc_p.l(idiv.o)
    0x08000144   0x08000144   0x00000060   Code   RO         5476    .text               mc_p.l(uldiv.o)
    0x080001a4   0x080001a4   0x0000007a   Code   RO         5478    .text               mc_p.l(llmul.o)
    0x0800021e   0x0800021e   0x00000024   Code   RO         5480    .text               mc_p.l(memcpya.o)
    0x08000242   0x08000242   0x00000024   Code   RO         5482    .text               mc_p.l(memseta.o)
    0x08000266   0x08000266   0x0000000e   Code   RO         5484    .text               mc_p.l(strlen.o)
    0x08000274   0x08000274   0x0000001e   Code   RO         5486    .text               mc_p.l(strncmp.o)
    0x08000292   0x08000292   0x00000014   Code   RO         5490    .text               mc_p.l(uread4.o)
    0x080002a6   0x080002a6   0x000000b2   Code   RO         5492    .text               mf_p.l(fadd.o)
    0x08000358   0x08000358   0x00000164   Code   RO         5496    .text               mf_p.l(dadd.o)
    0x080004bc   0x080004bc   0x000000d0   Code   RO         5498    .text               mf_p.l(dmul.o)
    0x0800058c   0x0800058c   0x000000f0   Code   RO         5500    .text               mf_p.l(ddiv.o)
    0x0800067c   0x0800067c   0x0000002c   Code   RO         5502    .text               mf_p.l(dscalb.o)
    0x080006a8   0x080006a8   0x0000000e   Code   RO         5506    .text               mf_p.l(ffltui.o)
    0x080006b6   0x080006b6   0x00000002   PAD
    0x080006b8   0x080006b8   0x00000028   Code   RO         5508    .text               mf_p.l(dflti.o)
    0x080006e0   0x080006e0   0x0000001c   Code   RO         5510    .text               mf_p.l(dfltui.o)
    0x080006fc   0x080006fc   0x00000048   Code   RO         5514    .text               mf_p.l(dfixi.o)
    0x08000744   0x08000744   0x0000003c   Code   RO         5516    .text               mf_p.l(dfixui.o)
    0x08000780   0x08000780   0x00000028   Code   RO         5518    .text               mf_p.l(f2d.o)
    0x080007a8   0x080007a8   0x00000028   Code   RO         5520    .text               mf_p.l(cdrcmple.o)
    0x080007d0   0x080007d0   0x00000020   Code   RO         5538    .text               mc_p.l(llshl.o)
    0x080007f0   0x080007f0   0x00000022   Code   RO         5540    .text               mc_p.l(llushr.o)
    0x08000812   0x08000812   0x00000026   Code   RO         5542    .text               mc_p.l(llsshr.o)
    0x08000838   0x08000838   0x00000000   Code   RO         5544    .text               mc_p.l(iusefp.o)
    0x08000838   0x08000838   0x00000082   Code   RO         5545    .text               mf_p.l(fepilogue.o)
    0x080008ba   0x080008ba   0x000000be   Code   RO         5547    .text               mf_p.l(depilogue.o)
    0x08000978   0x08000978   0x0000007c   Code   RO         5551    .text               mf_p.l(drnd.o)
    0x080009f4   0x080009f4   0x00000028   Code   RO         5553    .text               mf_p.l(cdcmple.o)
    0x08000a1c   0x08000a1c   0x00000024   Code   RO         5555    .text               mc_p.l(init.o)
    0x08000a40   0x08000a40   0x00000056   Code   RO         5565    .text               mc_p.l(__dczerorl2.o)
    0x08000a96   0x08000a96   0x0000013c   Code   RO         5423    i.AES_CMAC_Final    cmac.o
    0x08000bd2   0x08000bd2   0x00000020   Code   RO         5424    i.AES_CMAC_Init     cmac.o
    0x08000bf2   0x08000bf2   0x00000010   Code   RO         5425    i.AES_CMAC_SetKey   cmac.o
    0x08000c02   0x08000c02   0x000000be   Code   RO         5426    i.AES_CMAC_Update   cmac.o
    0x08000cc0   0x08000cc0   0x000000b8   Code   RO         2819    i.AddMacCommand     loramac.o
    0x08000d78   0x08000d78   0x0000000c   Code   RO         1680    i.CMD_Init          command.o
    0x08000d84   0x08000d84   0x0000005c   Code   RO         1681    i.CMD_Process       command.o
    0x08000de0   0x08000de0   0x0000009e   Code   RO         3275    i.CountNbOfEnabledChannels  regionas923.o
    0x08000e7e   0x08000e7e   0x00000002   PAD
    0x08000e80   0x08000e80   0x00000060   Code   RO         1737    i.DBG_Init          debug.o
    0x08000ee0   0x08000ee0   0x00000008   Code   RO         2691    i.DMA1_Channel4_5_6_7_IRQHandler  mlm32l0xx_it.o
    0x08000ee8   0x08000ee8   0x00000008   Code   RO         5126    i.DelayMs           delay.o
    0x08000ef0   0x08000ef0   0x00000010   Code   RO         2692    i.EXTI0_1_IRQHandler  mlm32l0xx_it.o
    0x08000f00   0x08000f00   0x00000010   Code   RO         2693    i.EXTI2_3_IRQHandler  mlm32l0xx_it.o
    0x08000f10   0x08000f10   0x0000005c   Code   RO         2694    i.EXTI4_15_IRQHandler  mlm32l0xx_it.o
    0x08000f6c   0x08000f6c   0x00000002   Code   RO         1738    i.Error_Handler     debug.o
    0x08000f6e   0x08000f6e   0x00000002   PAD
    0x08000f70   0x08000f70   0x00000024   Code   RO         3276    i.GetBandwidth      regionas923.o
    0x08000f94   0x08000f94   0x0000002c   Code   RO            3    i.GetFskBandwidthRegValue  sx1276.o
    0x08000fc0   0x08000fc0   0x00000020   Code   RO         2371    i.GetNewChar        vcom.o
    0x08000fe0   0x08000fe0   0x00000010   Code   RO         3277    i.GetNextLowerTxDr  regionas923.o
    0x08000ff0   0x08000ff0   0x00000014   Code   RO         1015    i.HAL_NVIC_EnableIRQ  stm32l0xx_hal_cortex.o
    0x08001004   0x08001004   0x0000001c   Code   RO         1016    i.HAL_NVIC_GetPendingIRQ  stm32l0xx_hal_cortex.o
    0x08001020   0x08001020   0x00000008   Code   RO         1019    i.HAL_NVIC_SetPriority  stm32l0xx_hal_cortex.o
    0x08001028   0x08001028   0x00000024   Code   RO         2479    i.HW_ADC_DelayMicroSecond  mlm32l0xx_hw.o
    0x0800104c   0x0800104c   0x00000028   Code   RO         2480    i.HW_ADC_IS_ENABLE  mlm32l0xx_hw.o
    0x08001074   0x08001074   0x000000bc   Code   RO         2481    i.HW_ADC_Init       mlm32l0xx_hw.o
    0x08001130   0x08001130   0x00000084   Code   RO         2482    i.HW_ADC_PollForConversion  mlm32l0xx_hw.o
    0x080011b4   0x080011b4   0x00000080   Code   RO         2483    i.HW_ADC_SelectChannel  mlm32l0xx_hw.o
    0x08001234   0x08001234   0x00000074   Code   RO         2484    i.HW_ADC_Start      mlm32l0xx_hw.o
    0x080012a8   0x080012a8   0x000000b0   Code   RO         2485    i.HW_AdcReadChannel  mlm32l0xx_hw.o
    0x08001358   0x08001358   0x00000018   Code   RO         1771    i.HW_GPIO_EXTI_IRQHandler  hw_gpio.o
    0x08001370   0x08001370   0x00000038   Code   RO         1772    i.HW_GPIO_GetBitPos  hw_gpio.o
    0x080013a8   0x080013a8   0x00000054   Code   RO         1773    i.HW_GPIO_Init      hw_gpio.o
    0x080013fc   0x080013fc   0x0000011c   Code   RO         1774    i.HW_GPIO_Init_singlepin  hw_gpio.o
    0x08001518   0x08001518   0x00000018   Code   RO         1775    i.HW_GPIO_IrqHandler  hw_gpio.o
    0x08001530   0x08001530   0x000000a0   Code   RO         1777    i.HW_GPIO_SetIrq    hw_gpio.o
    0x080015d0   0x080015d0   0x0000000c   Code   RO            4    i.HW_GPIO_Write     sx1276.o
    0x080015dc   0x080015dc   0x0000000c   Code   RO          416    i.HW_GPIO_Write     mlm32l07x01.o
    0x080015e8   0x080015e8   0x0000000c   Code   RO         2025    i.HW_GPIO_Write     hw_spi.o
    0x080015f4   0x080015f4   0x00000050   Code   RO         2487    i.HW_GetBatteryLevel  mlm32l0xx_hw.o
    0x08001644   0x08001644   0x00000014   Code   RO         2488    i.HW_GetRandomSeed  mlm32l0xx_hw.o
    0x08001658   0x08001658   0x00000058   Code   RO         2489    i.HW_GetTemperatureLevel  mlm32l0xx_hw.o
    0x080016b0   0x080016b0   0x0000002c   Code   RO         2490    i.HW_GetUniqueId    mlm32l0xx_hw.o
    0x080016dc   0x080016dc   0x00000070   Code   RO         2491    i.HW_GpioInit       mlm32l0xx_hw.o
    0x0800174c   0x0800174c   0x00000054   Code   RO         2492    i.HW_Init           mlm32l0xx_hw.o
    0x080017a0   0x080017a0   0x00000050   Code   RO         2264    i.HW_Main_Init      main.o
    0x080017f0   0x080017f0   0x00000068   Code   RO         1856    i.HW_RCCEx_PeriphCLKConfig  hw_rtc.o
    0x08001858   0x08001858   0x00000090   Code   RO         2493    i.HW_RCC_ClockConfig  mlm32l0xx_hw.o
    0x080018e8   0x080018e8   0x00000068   Code   RO         1857    i.HW_RCC_OscConfig  hw_rtc.o
    0x08001950   0x08001950   0x00000078   Code   RO         2494    i.HW_RCC_OscConfig  mlm32l0xx_hw.o
    0x080019c8   0x080019c8   0x00000010   Code   RO         1858    i.HW_RTC_Bcd2ToByte  hw_rtc.o
    0x080019d8   0x080019d8   0x00000010   Code   RO         1859    i.HW_RTC_ByteToBcd2  hw_rtc.o
    0x080019e8   0x080019e8   0x0000002c   Code   RO         1860    i.HW_RTC_DeactivateAlarm  hw_rtc.o
    0x08001a14   0x08001a14   0x00000026   Code   RO         1861    i.HW_RTC_DelayMs    hw_rtc.o
    0x08001a3a   0x08001a3a   0x00000002   PAD
    0x08001a3c   0x08001a3c   0x000000c4   Code   RO         1862    i.HW_RTC_GetCalendarValue  hw_rtc.o
    0x08001b00   0x08001b00   0x00000004   Code   RO         1863    i.HW_RTC_GetMinimumTimeout  hw_rtc.o
    0x08001b04   0x08001b04   0x0000000c   Code   RO         1864    i.HW_RTC_GetTimerContext  hw_rtc.o
    0x08001b10   0x08001b10   0x00000018   Code   RO         1865    i.HW_RTC_GetTimerElapsedTime  hw_rtc.o
    0x08001b28   0x08001b28   0x0000000e   Code   RO         1866    i.HW_RTC_GetTimerValue  hw_rtc.o
    0x08001b36   0x08001b36   0x00000002   PAD
    0x08001b38   0x08001b38   0x00000020   Code   RO         1867    i.HW_RTC_Init       hw_rtc.o
    0x08001b58   0x08001b58   0x00000038   Code   RO         1868    i.HW_RTC_IrqHandler  hw_rtc.o
    0x08001b90   0x08001b90   0x0000003c   Code   RO         1869    i.HW_RTC_SetAlarm   hw_rtc.o
    0x08001bcc   0x08001bcc   0x000000dc   Code   RO         1870    i.HW_RTC_SetConfig  hw_rtc.o
    0x08001ca8   0x08001ca8   0x00000018   Code   RO         1871    i.HW_RTC_SetTimerContext  hw_rtc.o
    0x08001cc0   0x08001cc0   0x000001ac   Code   RO         1872    i.HW_RTC_StartWakeUpAlarm  hw_rtc.o
    0x08001e6c   0x08001e6c   0x00000024   Code   RO         1873    i.HW_RTC_StopAlarm  hw_rtc.o
    0x08001e90   0x08001e90   0x00000010   Code   RO         1874    i.HW_RTC_Tick2ms    hw_rtc.o
    0x08001ea0   0x08001ea0   0x00000010   Code   RO         1875    i.HW_RTC_ms2Tick    hw_rtc.o
    0x08001eb0   0x08001eb0   0x00000030   Code   RO         2027    i.HW_SPI_InOut      hw_spi.o
    0x08001ee0   0x08001ee0   0x00000074   Code   RO         2028    i.HW_SPI_Init       hw_spi.o
    0x08001f54   0x08001f54   0x00000058   Code   RO         2030    i.HW_SPI_IoInit     hw_spi.o
    0x08001fac   0x08001fac   0x00000020   Code   RO         2372    i.IsNewCharReceived  vcom.o
    0x08001fcc   0x08001fcc   0x00000008   Code   RO         2495    i.LL_ADC_REG_IsConversionOngoing  mlm32l0xx_hw.o
    0x08001fd4   0x08001fd4   0x0000000e   Code   RO         2496    i.LL_ADC_StartCalibration  mlm32l0xx_hw.o
    0x08001fe2   0x08001fe2   0x00000002   PAD
    0x08001fe4   0x08001fe4   0x00000018   Code   RO         1877    i.LL_APB1_GRP1_EnableClock  hw_rtc.o
    0x08001ffc   0x08001ffc   0x00000018   Code   RO         2497    i.LL_APB2_GRP1_EnableClock  mlm32l0xx_hw.o
    0x08002014   0x08002014   0x00000068   Code   RO         1113    i.LL_DMA_Init       stm32l0xx_ll_dma.o
    0x0800207c   0x0800207c   0x00000018   Code   RO         1114    i.LL_DMA_SetPeriphRequest  stm32l0xx_ll_dma.o
    0x08002094   0x08002094   0x00000010   Code   RO         2498    i.LL_FLASH_GetLatency  mlm32l0xx_hw.o
    0x080020a4   0x080020a4   0x00000014   Code   RO         2499    i.LL_FLASH_SetLatency  mlm32l0xx_hw.o
    0x080020b8   0x080020b8   0x00000010   Code   RO         2500    i.LL_IOP_GRP1_DisableClock  mlm32l0xx_hw.o
    0x080020c8   0x080020c8   0x00000018   Code   RO         1778    i.LL_IOP_GRP1_EnableClock  hw_gpio.o
    0x080020e0   0x080020e0   0x00000010   Code   RO         2501    i.LL_LPM_EnableSleep  mlm32l0xx_hw.o
    0x080020f0   0x080020f0   0x00000070   Code   RO          660    i.LL_LPUART_Init    stm32l0xx_ll_lpuart.o
    0x08002160   0x08002160   0x00000010   Code   RO         1878    i.LL_PWR_EnableBkUpAccess  hw_rtc.o
    0x08002170   0x08002170   0x00000054   Code   RO          704    i.LL_RCC_GetLPUARTClockFreq  stm32l0xx_ll_rcc.o
    0x080021c4   0x080021c4   0x00000010   Code   RO         2502    i.LL_RCC_GetSysClkSource  mlm32l0xx_hw.o
    0x080021d4   0x080021d4   0x00000010   Code   RO         2503    i.LL_RCC_HSI_Enable  mlm32l0xx_hw.o
    0x080021e4   0x080021e4   0x00000010   Code   RO          709    i.LL_RCC_HSI_IsReady  stm32l0xx_ll_rcc.o
    0x080021f4   0x080021f4   0x00000010   Code   RO          710    i.LL_RCC_LSE_IsReady  stm32l0xx_ll_rcc.o
    0x08002204   0x08002204   0x00000014   Code   RO         2504    i.LL_RCC_PLL_Enable  mlm32l0xx_hw.o
    0x08002218   0x08002218   0x00000010   Code   RO         2505    i.LL_RCC_PLL_IsReady  mlm32l0xx_hw.o
    0x08002228   0x08002228   0x00000014   Code   RO         2506    i.LL_RCC_SetSysClkSource  mlm32l0xx_hw.o
    0x0800223c   0x0800223c   0x0000004c   Code   RO          818    i.LL_RTC_EnterInitMode  stm32l0xx_ll_rtc.o
    0x08002288   0x08002288   0x00000074   Code   RO          825    i.LL_RTC_WaitForSynchro  stm32l0xx_ll_rtc.o
    0x080022fc   0x080022fc   0x0000006c   Code   RO          941    i.LL_SPI_Init       stm32l0xx_ll_spi.o
    0x08002368   0x08002368   0x00000002   Code   RO         2265    i.LORA_ConfirmClass  main.o
    0x0800236a   0x0800236a   0x00000002   Code   RO         2266    i.LORA_HasJoined    main.o
    0x0800236c   0x0800236c   0x000000d8   Code   RO         2081    i.LORA_Init         lora.o
    0x08002444   0x08002444   0x00000098   Code   RO         2082    i.LORA_Join         lora.o
    0x080024dc   0x080024dc   0x00000002   Code   RO         2267    i.LORA_TxNeeded     main.o
    0x080024de   0x080024de   0x00000002   PAD
    0x080024e0   0x080024e0   0x0000007c   Code   RO         2085    i.LORA_send         lora.o
    0x0800255c   0x0800255c   0x00000034   Code   RO         5296    i.LPM_EnterLowPower  low_power_manager.o
    0x08002590   0x08002590   0x00000002   Code   RO         5297    i.LPM_EnterOffMode  low_power_manager.o
    0x08002592   0x08002592   0x00000002   PAD
    0x08002594   0x08002594   0x00000018   Code   RO         2507    i.LPM_EnterSleepMode  mlm32l0xx_hw.o
    0x080025ac   0x080025ac   0x0000008c   Code   RO         2508    i.LPM_EnterStopMode  mlm32l0xx_hw.o
    0x08002638   0x08002638   0x00000002   Code   RO         5300    i.LPM_ExitOffMode   low_power_manager.o
    0x0800263a   0x0800263a   0x00000002   Code   RO         5301    i.LPM_ExitSleepMode  low_power_manager.o
    0x0800263c   0x0800263c   0x00000048   Code   RO         2509    i.LPM_ExitStopMode  mlm32l0xx_hw.o
    0x08002684   0x08002684   0x00000028   Code   RO         5303    i.LPM_GetMode       low_power_manager.o
    0x080026ac   0x080026ac   0x00000028   Code   RO         5304    i.LPM_SetOffMode    low_power_manager.o
    0x080026d4   0x080026d4   0x00000028   Code   RO         5305    i.LPM_SetStopMode   low_power_manager.o
    0x080026fc   0x080026fc   0x0000007c   Code   RO         3061    i.LoRaMacComputeMic  loramaccrypto.o
    0x08002778   0x08002778   0x00000238   Code   RO         2822    i.LoRaMacInitialization  loramac.o
    0x080029b0   0x080029b0   0x00000048   Code   RO         3062    i.LoRaMacJoinComputeMic  loramaccrypto.o
    0x080029f8   0x080029f8   0x00000088   Code   RO         3063    i.LoRaMacJoinComputeSKeys  loramaccrypto.o
    0x08002a80   0x08002a80   0x00000040   Code   RO         3064    i.LoRaMacJoinDecrypt  loramaccrypto.o
    0x08002ac0   0x08002ac0   0x0000012c   Code   RO         2823    i.LoRaMacMcpsRequest  loramac.o
    0x08002bec   0x08002bec   0x000000fc   Code   RO         2824    i.LoRaMacMibGetRequestConfirm  loramac.o
    0x08002ce8   0x08002ce8   0x0000024c   Code   RO         2825    i.LoRaMacMibSetRequestConfirm  loramac.o
    0x08002f34   0x08002f34   0x000000fc   Code   RO         2826    i.LoRaMacMlmeRequest  loramac.o
    0x08003030   0x08003030   0x00000010   Code   RO         3065    i.LoRaMacPayloadDecrypt  loramaccrypto.o
    0x08003040   0x08003040   0x000000c0   Code   RO         3066    i.LoRaMacPayloadEncrypt  loramaccrypto.o
    0x08003100   0x08003100   0x000000b8   Code   RO         2829    i.LoRaMacQueryTxPossible  loramac.o
    0x080031b8   0x080031b8   0x00000020   Code   RO         2832    i.LoRaMacTestSetDutyCycleOn  loramac.o
    0x080031d8   0x080031d8   0x0000000e   Code   RO         2268    i.LoraRxData        main.o
    0x080031e6   0x080031e6   0x00000002   Code   RO         2086    i.McpsConfirm       lora.o
    0x080031e8   0x080031e8   0x00000064   Code   RO         2087    i.McpsIndication    lora.o
    0x0800324c   0x0800324c   0x00000040   Code   RO         2088    i.MlmeConfirm       lora.o
    0x0800328c   0x0800328c   0x00000014   Code   RO         2089    i.MlmeIndication    lora.o
    0x080032a0   0x080032a0   0x00000044   Code   RO         1025    i.NVIC_SetPriority  stm32l0xx_hal_cortex.o
    0x080032e4   0x080032e4   0x00000038   Code   RO         2834    i.OnAckTimeoutTimerEvent  loramac.o
    0x0800331c   0x0800331c   0x00000024   Code   RO         2090    i.OnCertifTimer     lora.o
    0x08003340   0x08003340   0x00000008   Code   RO         5071    i.OnCertifTxNextPacketTimerEvent  lora-test.o
    0x08003348   0x08003348   0x00000248   Code   RO         2835    i.OnMacStateCheckTimerEvent  loramac.o
    0x08003590   0x08003590   0x000004d8   Code   RO         2836    i.OnRadioRxDone     loramac.o
    0x08003a68   0x08003a68   0x00000080   Code   RO         2837    i.OnRadioRxError    loramac.o
    0x08003ae8   0x08003ae8   0x00000080   Code   RO         2838    i.OnRadioRxTimeout  loramac.o
    0x08003b68   0x08003b68   0x000000ec   Code   RO         2839    i.OnRadioTxDone     loramac.o
    0x08003c54   0x08003c54   0x0000003c   Code   RO         2840    i.OnRadioTxTimeout  loramac.o
    0x08003c90   0x08003c90   0x00000060   Code   RO         2841    i.OnRxWindow1TimerEvent  loramac.o
    0x08003cf0   0x08003cf0   0x00000060   Code   RO         2842    i.OnRxWindow2TimerEvent  loramac.o
    0x08003d50   0x08003d50   0x00000024   Code   RO         2843    i.OnTxDelayedTimerEvent  loramac.o
    0x08003d74   0x08003d74   0x00000014   Code   RO         2844    i.OpenContinuousRx2Window  loramac.o
    0x08003d88   0x08003d88   0x00000054   Code   RO         2845    i.ParseMacCommandsToRepeat  loramac.o
    0x08003ddc   0x08003ddc   0x00000280   Code   RO         2846    i.PrepareFrame      loramac.o
    0x0800405c   0x0800405c   0x0000003c   Code   RO         2847    i.PrepareRxDoneAbort  loramac.o
    0x08004098   0x08004098   0x000002bc   Code   RO         2848    i.ProcessMacCommands  loramac.o
    0x08004354   0x08004354   0x0000001c   Code   RO          711    i.RCC_GetHCLKClockFreq  stm32l0xx_ll_rcc.o
    0x08004370   0x08004370   0x00000018   Code   RO          712    i.RCC_GetPCLK1ClockFreq  stm32l0xx_ll_rcc.o
    0x08004388   0x08004388   0x00000044   Code   RO          714    i.RCC_GetSystemClockFreq  stm32l0xx_ll_rcc.o
    0x080043cc   0x080043cc   0x0000003c   Code   RO          715    i.RCC_PLL_GetFreqDomain_SYS  stm32l0xx_ll_rcc.o
    0x08004408   0x08004408   0x00000008   Code   RO         2695    i.RNG_LPUART1_IRQHandler  mlm32l0xx_it.o
    0x08004410   0x08004410   0x00000008   Code   RO         2696    i.RTC_IRQHandler    mlm32l0xx_it.o
    0x08004418   0x08004418   0x00000094   Code   RO         3278    i.RegionAS923AdrNext  regionas923.o
    0x080044ac   0x080044ac   0x00000004   Code   RO         3279    i.RegionAS923AlternateDr  regionas923.o
    0x080044b0   0x080044b0   0x00000074   Code   RO         3280    i.RegionAS923ApplyCFList  regionas923.o
    0x08004524   0x08004524   0x00000030   Code   RO         3281    i.RegionAS923ApplyDrOffset  regionas923.o
    0x08004554   0x08004554   0x00000038   Code   RO         3282    i.RegionAS923CalcBackOff  regionas923.o
    0x0800458c   0x0800458c   0x0000002c   Code   RO         3283    i.RegionAS923ChanMaskSet  regionas923.o
    0x080045b8   0x080045b8   0x000000d8   Code   RO         3284    i.RegionAS923ChannelAdd  regionas923.o
    0x08004690   0x08004690   0x00000030   Code   RO         3285    i.RegionAS923ChannelsRemove  regionas923.o
    0x080046c0   0x080046c0   0x00000064   Code   RO         3286    i.RegionAS923ComputeRxWindowParameters  regionas923.o
    0x08004724   0x08004724   0x00000038   Code   RO         3287    i.RegionAS923DlChannelReq  regionas923.o
    0x0800475c   0x0800475c   0x000000f8   Code   RO         3288    i.RegionAS923GetPhyParam  regionas923.o
    0x08004854   0x08004854   0x00000050   Code   RO         3289    i.RegionAS923InitDefaults  regionas923.o
    0x080048a4   0x080048a4   0x00000128   Code   RO         3290    i.RegionAS923LinkAdrReq  regionas923.o
    0x080049cc   0x080049cc   0x00000048   Code   RO         3291    i.RegionAS923NewChannelReq  regionas923.o
    0x08004a14   0x08004a14   0x000000fc   Code   RO         3292    i.RegionAS923NextChannel  regionas923.o
    0x08004b10   0x08004b10   0x000000e0   Code   RO         3293    i.RegionAS923RxConfig  regionas923.o
    0x08004bf0   0x08004bf0   0x00000044   Code   RO         3294    i.RegionAS923RxParamSetupReq  regionas923.o
    0x08004c34   0x08004c34   0x00000028   Code   RO         3295    i.RegionAS923SetBandTxDone  regionas923.o
    0x08004c5c   0x08004c5c   0x00000048   Code   RO         3296    i.RegionAS923SetContinuousWave  regionas923.o
    0x08004ca4   0x08004ca4   0x000000dc   Code   RO         3297    i.RegionAS923TxConfig  regionas923.o
    0x08004d80   0x08004d80   0x00000004   Code   RO         3298    i.RegionAS923TxParamSetupReq  regionas923.o
    0x08004d84   0x08004d84   0x0000004a   Code   RO         3299    i.RegionAS923Verify  regionas923.o
    0x08004dce   0x08004dce   0x0000001e   Code   RO         3120    i.RegionAdrNext     region.o
    0x08004dec   0x08004dec   0x00000012   Code   RO         3121    i.RegionAlternateDr  region.o
    0x08004dfe   0x08004dfe   0x0000000e   Code   RO         3122    i.RegionApplyCFList  region.o
    0x08004e0c   0x08004e0c   0x0000001a   Code   RO         3123    i.RegionApplyDrOffset  region.o
    0x08004e26   0x08004e26   0x0000000e   Code   RO         3124    i.RegionCalcBackOff  region.o
    0x08004e34   0x08004e34   0x00000012   Code   RO         3125    i.RegionChanMaskSet  region.o
    0x08004e46   0x08004e46   0x0000005c   Code   RO         3940    i.RegionCommonCalcBackOff  regioncommon.o
    0x08004ea2   0x08004ea2   0x00000026   Code   RO         3941    i.RegionCommonChanDisable  regioncommon.o
    0x08004ec8   0x08004ec8   0x0000001e   Code   RO         3942    i.RegionCommonChanMaskCopy  regioncommon.o
    0x08004ee6   0x08004ee6   0x00000060   Code   RO         3943    i.RegionCommonChanVerifyDr  regioncommon.o
    0x08004f46   0x08004f46   0x00000090   Code   RO         3944    i.RegionCommonComputeRxWindowParameters  regioncommon.o
    0x08004fd6   0x08004fd6   0x00000002   PAD
    0x08004fd8   0x08004fd8   0x00000018   Code   RO         3945    i.RegionCommonComputeSymbolTimeFsk  regioncommon.o
    0x08004ff0   0x08004ff0   0x0000002c   Code   RO         3946    i.RegionCommonComputeSymbolTimeLoRa  regioncommon.o
    0x0800501c   0x0800501c   0x00000028   Code   RO         3947    i.RegionCommonComputeTxPower  regioncommon.o
    0x08005044   0x08005044   0x00000044   Code   RO         3948    i.RegionCommonCountChannels  regioncommon.o
    0x08005088   0x08005088   0x00000028   Code   RO         3949    i.RegionCommonGetJoinDc  regioncommon.o
    0x080050b0   0x080050b0   0x00000098   Code   RO         3950    i.RegionCommonLinkAdrReqVerifyParams  regioncommon.o
    0x08005148   0x08005148   0x00000036   Code   RO         3951    i.RegionCommonParseLinkAdrReq  regioncommon.o
    0x0800517e   0x0800517e   0x0000000a   Code   RO         3952    i.RegionCommonSetBandTxDone  regioncommon.o
    0x08005188   0x08005188   0x000000be   Code   RO         3953    i.RegionCommonUpdateBandTimeOff  regioncommon.o
    0x08005246   0x08005246   0x00000010   Code   RO         3954    i.RegionCommonValueInRange  regioncommon.o
    0x08005256   0x08005256   0x0000001a   Code   RO         3128    i.RegionComputeRxWindowParameters  region.o
    0x08005270   0x08005270   0x00000012   Code   RO         3129    i.RegionDlChannelReq  region.o
    0x08005282   0x08005282   0x00000014   Code   RO         3130    i.RegionGetPhyParam  region.o
    0x08005296   0x08005296   0x0000000e   Code   RO         3131    i.RegionInitDefaults  region.o
    0x080052a4   0x080052a4   0x0000000c   Code   RO         3132    i.RegionIsActive    region.o
    0x080052b0   0x080052b0   0x00000022   Code   RO         3133    i.RegionLinkAdrReq  region.o
    0x080052d2   0x080052d2   0x00000012   Code   RO         3134    i.RegionNewChannelReq  region.o
    0x080052e4   0x080052e4   0x0000001e   Code   RO         3135    i.RegionNextChannel  region.o
    0x08005302   0x08005302   0x00000016   Code   RO         3136    i.RegionRxConfig    region.o
    0x08005318   0x08005318   0x00000012   Code   RO         3137    i.RegionRxParamSetupReq  region.o
    0x0800532a   0x0800532a   0x0000000e   Code   RO         3138    i.RegionSetBandTxDone  region.o
    0x08005338   0x08005338   0x0000000e   Code   RO         3139    i.RegionSetContinuousWave  region.o
    0x08005346   0x08005346   0x0000001a   Code   RO         3140    i.RegionTxConfig    region.o
    0x08005360   0x08005360   0x00000012   Code   RO         3141    i.RegionTxParamSetupReq  region.o
    0x08005372   0x08005372   0x00000016   Code   RO         3142    i.RegionVerify      region.o
    0x08005388   0x08005388   0x00000088   Code   RO         2849    i.ResetMacParameters  loramac.o
    0x08005410   0x08005410   0x00000094   Code   RO            5    i.RxChainCalibration  sx1276.o
    0x080054a4   0x080054a4   0x00000018   Code   RO         2850    i.RxWindowSetup     loramac.o
    0x080054bc   0x080054bc   0x0000000c   Code   RO            6    i.SX1276BoardInit   sx1276.o
    0x080054c8   0x080054c8   0x00000004   Code   RO          417    i.SX1276CheckRfFrequency  mlm32l07x01.o
    0x080054cc   0x080054cc   0x0000000c   Code   RO          418    i.SX1276GetPaSelect  mlm32l07x01.o
    0x080054d8   0x080054d8   0x0000000c   Code   RO            7    i.SX1276GetStatus   sx1276.o
    0x080054e4   0x080054e4   0x000001e4   Code   RO            8    i.SX1276GetTimeOnAir  sx1276.o
    0x080056c8   0x080056c8   0x00000004   Code   RO          419    i.SX1276GetWakeTime  mlm32l07x01.o
    0x080056cc   0x080056cc   0x00000014   Code   RO            9    i.SX1276GetWakeupTime  sx1276.o
    0x080056e0   0x080056e0   0x0000008c   Code   RO           10    i.SX1276Init        sx1276.o
    0x0800576c   0x0800576c   0x00000050   Code   RO          420    i.SX1276IoDeInit    mlm32l07x01.o
    0x080057bc   0x080057bc   0x00000070   Code   RO          421    i.SX1276IoInit      mlm32l07x01.o
    0x0800582c   0x0800582c   0x00000044   Code   RO          422    i.SX1276IoIrqInit   mlm32l07x01.o
    0x08005870   0x08005870   0x0000004e   Code   RO           11    i.SX1276IsChannelFree  sx1276.o
    0x080058be   0x080058be   0x00000002   PAD
    0x080058c0   0x080058c0   0x00000254   Code   RO           12    i.SX1276OnDio0Irq   sx1276.o
    0x08005b14   0x08005b14   0x000000c4   Code   RO           13    i.SX1276OnDio1Irq   sx1276.o
    0x08005bd8   0x08005bd8   0x000000b4   Code   RO           14    i.SX1276OnDio2Irq   sx1276.o
    0x08005c8c   0x08005c8c   0x00000054   Code   RO           15    i.SX1276OnDio3Irq   sx1276.o
    0x08005ce0   0x08005ce0   0x0000001c   Code   RO           16    i.SX1276OnDio4Irq   sx1276.o
    0x08005cfc   0x08005cfc   0x000000c8   Code   RO           18    i.SX1276OnTimeoutIrq  sx1276.o
    0x08005dc4   0x08005dc4   0x0000003e   Code   RO           19    i.SX1276Random      sx1276.o
    0x08005e02   0x08005e02   0x00000010   Code   RO           20    i.SX1276Read        sx1276.o
    0x08005e12   0x08005e12   0x00000042   Code   RO           21    i.SX1276ReadBuffer  sx1276.o
    0x08005e54   0x08005e54   0x0000000e   Code   RO           22    i.SX1276ReadFifo    sx1276.o
    0x08005e62   0x08005e62   0x00000002   PAD
    0x08005e64   0x08005e64   0x00000044   Code   RO           23    i.SX1276ReadRssi    sx1276.o
    0x08005ea8   0x08005ea8   0x00000050   Code   RO           24    i.SX1276Reset       sx1276.o
    0x08005ef8   0x08005ef8   0x000000f0   Code   RO           25    i.SX1276Send        sx1276.o
    0x08005fe8   0x08005fe8   0x00000044   Code   RO          423    i.SX1276SetAntSw    mlm32l07x01.o
    0x0800602c   0x0800602c   0x00000074   Code   RO          424    i.SX1276SetAntSwLowPower  mlm32l07x01.o
    0x080060a0   0x080060a0   0x00000050   Code   RO           26    i.SX1276SetChannel  sx1276.o
    0x080060f0   0x080060f0   0x00000030   Code   RO           27    i.SX1276SetMaxPayloadLength  sx1276.o
    0x08006120   0x08006120   0x00000070   Code   RO           28    i.SX1276SetModem    sx1276.o
    0x08006190   0x08006190   0x0000005c   Code   RO           29    i.SX1276SetOpMode   sx1276.o
    0x080061ec   0x080061ec   0x00000024   Code   RO           30    i.SX1276SetPublicNetwork  sx1276.o
    0x08006210   0x08006210   0x00000098   Code   RO          425    i.SX1276SetRfTxPower  mlm32l07x01.o
    0x080062a8   0x080062a8   0x000001fc   Code   RO           31    i.SX1276SetRx       sx1276.o
    0x080064a4   0x080064a4   0x00000288   Code   RO           32    i.SX1276SetRxConfig  sx1276.o
    0x0800672c   0x0800672c   0x00000024   Code   RO           33    i.SX1276SetSleep    sx1276.o
    0x08006750   0x08006750   0x00000024   Code   RO           34    i.SX1276SetStby     sx1276.o
    0x08006774   0x08006774   0x000000a4   Code   RO           35    i.SX1276SetTx       sx1276.o
    0x08006818   0x08006818   0x000001fc   Code   RO           36    i.SX1276SetTxConfig  sx1276.o
    0x08006a14   0x08006a14   0x0000007c   Code   RO           37    i.SX1276SetTxContinuousWave  sx1276.o
    0x08006a90   0x08006a90   0x00000028   Code   RO          426    i.SX1276SetXO       mlm32l07x01.o
    0x08006ab8   0x08006ab8   0x00000038   Code   RO           38    i.SX1276StartCad    sx1276.o
    0x08006af0   0x08006af0   0x0000000c   Code   RO           39    i.SX1276Write       sx1276.o
    0x08006afc   0x08006afc   0x00000042   Code   RO           40    i.SX1276WriteBuffer  sx1276.o
    0x08006b3e   0x08006b3e   0x0000000e   Code   RO           41    i.SX1276WriteFifo   sx1276.o
    0x08006b4c   0x08006b4c   0x00000130   Code   RO         2851    i.ScheduleTx        loramac.o
    0x08006c7c   0x08006c7c   0x00000040   Code   RO         2852    i.Send              loramac.o
    0x08006cbc   0x08006cbc   0x00000090   Code   RO         2853    i.SendFrameOnChannel  loramac.o
    0x08006d4c   0x08006d4c   0x00000018   Code   RO         2854    i.SetMlmeScheduleUplinkIndication  loramac.o
    0x08006d64   0x08006d64   0x00000054   Code   RO         2855    i.SetTxContinuousWave  loramac.o
    0x08006db8   0x08006db8   0x0000003c   Code   RO         2856    i.SetTxContinuousWave1  loramac.o
    0x08006df4   0x08006df4   0x00000040   Code   RO         2510    i.SystemClock_Config  mlm32l0xx_hw.o
    0x08006e34   0x08006e34   0x00000054   Code   RO          510    i.SystemInit        system_stm32l0xx.o
    0x08006e88   0x08006e88   0x00000074   Code   RO         2744    i.TST_RX_LoraStart  test_rf.o
    0x08006efc   0x08006efc   0x00000094   Code   RO         2745    i.TST_RxTone        test_rf.o
    0x08006f90   0x08006f90   0x000000d0   Code   RO         2746    i.TST_SET_lora_config  test_rf.o
    0x08007060   0x08007060   0x00000090   Code   RO         2747    i.TST_TX_LoraStart  test_rf.o
    0x080070f0   0x080070f0   0x000000d8   Code   RO         2748    i.TST_TxTone        test_rf.o
    0x080071c8   0x080071c8   0x000000d0   Code   RO         2749    i.TST_get_lora_config  test_rf.o
    0x08007298   0x08007298   0x00000050   Code   RO         2750    i.TST_stop          test_rf.o
    0x080072e8   0x080072e8   0x0000000c   Code   RO         5151    i.TimerGetCurrentTime  timeserver.o
    0x080072f4   0x080072f4   0x00000018   Code   RO         5152    i.TimerGetElapsedTime  timeserver.o
    0x0800730c   0x0800730c   0x0000000e   Code   RO         5153    i.TimerInit         timeserver.o
    0x0800731a   0x0800731a   0x00000002   PAD
    0x0800731c   0x0800731c   0x0000001c   Code   RO         5154    i.TimerInsertNewHeadTimer  timeserver.o
    0x08007338   0x08007338   0x00000078   Code   RO         5155    i.TimerIrqHandler   timeserver.o
    0x080073b0   0x080073b0   0x0000002c   Code   RO         5157    i.TimerSetTimeout   timeserver.o
    0x080073dc   0x080073dc   0x00000022   Code   RO         5158    i.TimerSetValue     timeserver.o
    0x080073fe   0x080073fe   0x00000002   PAD
    0x08007400   0x08007400   0x00000070   Code   RO         5159    i.TimerStart        timeserver.o
    0x08007470   0x08007470   0x00000060   Code   RO         5160    i.TimerStop         timeserver.o
    0x080074d0   0x080074d0   0x00000048   Code   RO         2857    i.ValidatePayloadLength  loramac.o
    0x08007518   0x08007518   0x00000030   Code   RO         3300    i.VerifyTxFreq      regionas923.o
    0x08007548   0x08007548   0x0000002e   Code   RO         5549    i.__ARM_clz         mf_p.l(depilogue.o)
    0x08007576   0x08007576   0x00000030   Code   RO         1993    i.__ARM_common_ll_muluu  hw_rtc.o
    0x080075a6   0x080075a6   0x0000001a   Code   RO          243    i.__ARM_common_switch8  sx1276.o
    0x080075c0   0x080075c0   0x0000000e   Code   RO         5559    i.__scatterload_copy  mc_p.l(handlers.o)
    0x080075ce   0x080075ce   0x00000002   Code   RO         5560    i.__scatterload_null  mc_p.l(handlers.o)
    0x080075d0   0x080075d0   0x0000000e   Code   RO         5561    i.__scatterload_zeroinit  mc_p.l(handlers.o)
    0x080075de   0x080075de   0x00000054   Code   RO         5371    i.aes_encrypt       aes.o
    0x08007632   0x08007632   0x00000002   PAD
    0x08007634   0x08007634   0x000000fc   Code   RO         5372    i.aes_set_key       aes.o
    0x08007730   0x08007730   0x00000022   Code   RO         1164    i.at_ADR_get        at.o
    0x08007752   0x08007752   0x0000002a   Code   RO         1165    i.at_ADR_set        at.o
    0x0800777c   0x0800777c   0x0000000e   Code   RO         1166    i.at_AppEUI_get     at.o
    0x0800778a   0x0800778a   0x00000002   PAD
    0x0800778c   0x0800778c   0x00000064   Code   RO         1167    i.at_AppEUI_set     at.o
    0x080077f0   0x080077f0   0x0000000e   Code   RO         1168    i.at_AppKey_get     at.o
    0x080077fe   0x080077fe   0x0000001c   Code   RO         1169    i.at_AppKey_set     at.o
    0x0800781a   0x0800781a   0x00000020   Code   RO         1170    i.at_AppSKey_get    at.o
    0x0800783a   0x0800783a   0x0000002a   Code   RO         1171    i.at_AppSKey_set    at.o
    0x08007864   0x08007864   0x0000000a   Code   RO         1172    i.at_Certif         at.o
    0x0800786e   0x0800786e   0x0000000e   Code   RO         1173    i.at_DataRate_get   at.o
    0x0800787c   0x0800787c   0x00000028   Code   RO         1174    i.at_DataRate_set   at.o
    0x080078a4   0x080078a4   0x00000020   Code   RO         1175    i.at_DevAddr_get    at.o
    0x080078c4   0x080078c4   0x00000022   Code   RO         1176    i.at_DevAddr_set    at.o
    0x080078e6   0x080078e6   0x0000000e   Code   RO         1177    i.at_DevEUI_get     at.o
    0x080078f4   0x080078f4   0x00000030   Code   RO         1178    i.at_DeviceClass_get  at.o
    0x08007924   0x08007924   0x0000002a   Code   RO         1179    i.at_DeviceClass_set  at.o
    0x0800794e   0x0800794e   0x00000020   Code   RO         1180    i.at_DownlinkCounter_get  at.o
    0x0800796e   0x0800796e   0x00000002   PAD
    0x08007970   0x08007970   0x00000028   Code   RO         1181    i.at_DownlinkCounter_set  at.o
    0x08007998   0x08007998   0x00000020   Code   RO         1182    i.at_DutyCycle_get  at.o
    0x080079b8   0x080079b8   0x0000001e   Code   RO         1183    i.at_DutyCycle_set  at.o
    0x080079d6   0x080079d6   0x0000000a   Code   RO         1184    i.at_Join           at.o
    0x080079e0   0x080079e0   0x00000020   Code   RO         1185    i.at_JoinAcceptDelay1_get  at.o
    0x08007a00   0x08007a00   0x00000028   Code   RO         1186    i.at_JoinAcceptDelay1_set  at.o
    0x08007a28   0x08007a28   0x00000020   Code   RO         1187    i.at_JoinAcceptDelay2_get  at.o
    0x08007a48   0x08007a48   0x00000028   Code   RO         1188    i.at_JoinAcceptDelay2_set  at.o
    0x08007a70   0x08007a70   0x00000020   Code   RO         1189    i.at_NetworkID_get  at.o
    0x08007a90   0x08007a90   0x00000022   Code   RO         1190    i.at_NetworkID_set  at.o
    0x08007ab2   0x08007ab2   0x00000014   Code   RO         1191    i.at_NetworkJoinMode_get  at.o
    0x08007ac6   0x08007ac6   0x0000001e   Code   RO         1192    i.at_NetworkJoinMode_set  at.o
    0x08007ae4   0x08007ae4   0x00000028   Code   RO         1193    i.at_NetworkJoinStatus  at.o
    0x08007b0c   0x08007b0c   0x00000020   Code   RO         1194    i.at_NwkSKey_get    at.o
    0x08007b2c   0x08007b2c   0x0000002a   Code   RO         1195    i.at_NwkSKey_set    at.o
    0x08007b56   0x08007b56   0x00000022   Code   RO         1196    i.at_PublicNetwork_get  at.o
    0x08007b78   0x08007b78   0x0000002a   Code   RO         1197    i.at_PublicNetwork_set  at.o
    0x08007ba2   0x08007ba2   0x00000002   PAD
    0x08007ba4   0x08007ba4   0x0000003c   Code   RO         1198    i.at_Receive        at.o
    0x08007be0   0x08007be0   0x00000048   Code   RO         1199    i.at_ReceiveBinary  at.o
    0x08007c28   0x08007c28   0x00000020   Code   RO         1200    i.at_Rx1Delay_get   at.o
    0x08007c48   0x08007c48   0x00000028   Code   RO         1201    i.at_Rx1Delay_set   at.o
    0x08007c70   0x08007c70   0x00000022   Code   RO         1202    i.at_Rx2DataRate_get  at.o
    0x08007c92   0x08007c92   0x00000002   PAD
    0x08007c94   0x08007c94   0x00000040   Code   RO         1203    i.at_Rx2DataRate_set  at.o
    0x08007cd4   0x08007cd4   0x00000020   Code   RO         1204    i.at_Rx2Delay_get   at.o
    0x08007cf4   0x08007cf4   0x00000028   Code   RO         1205    i.at_Rx2Delay_set   at.o
    0x08007d1c   0x08007d1c   0x00000020   Code   RO         1206    i.at_Rx2Frequency_get  at.o
    0x08007d3c   0x08007d3c   0x0000003c   Code   RO         1207    i.at_Rx2Frequency_set  at.o
    0x08007d78   0x08007d78   0x0000006c   Code   RO         1208    i.at_Send           at.o
    0x08007de4   0x08007de4   0x000000a0   Code   RO         1209    i.at_SendBinary     at.o
    0x08007e84   0x08007e84   0x00000024   Code   RO         1210    i.at_TransmitPower_get  at.o
    0x08007ea8   0x08007ea8   0x0000002c   Code   RO         1211    i.at_TransmitPower_set  at.o
    0x08007ed4   0x08007ed4   0x00000020   Code   RO         1212    i.at_UplinkCounter_get  at.o
    0x08007ef4   0x08007ef4   0x00000028   Code   RO         1213    i.at_UplinkCounter_set  at.o
    0x08007f1c   0x08007f1c   0x00000014   Code   RO         1214    i.at_ack_get        at.o
    0x08007f30   0x08007f30   0x0000001e   Code   RO         1215    i.at_ack_set        at.o
    0x08007f4e   0x08007f4e   0x0000000e   Code   RO         1216    i.at_bat_get        at.o
    0x08007f5c   0x08007f5c   0x00000014   Code   RO         1217    i.at_isack_get      at.o
    0x08007f70   0x08007f70   0x0000001c   Code   RO         1218    i.at_reset          at.o
    0x08007f8c   0x08007f8c   0x00000004   Code   RO         1219    i.at_return_error   at.o
    0x08007f90   0x08007f90   0x0000000e   Code   RO         1221    i.at_rssi_get       at.o
    0x08007f9e   0x08007f9e   0x0000000e   Code   RO         1222    i.at_snr_get        at.o
    0x08007fac   0x08007fac   0x00000012   Code   RO         1223    i.at_test_get_lora_config  at.o
    0x08007fbe   0x08007fbe   0x00000012   Code   RO         1224    i.at_test_rxTone    at.o
    0x08007fd0   0x08007fd0   0x0000000a   Code   RO         1225    i.at_test_rxlora    at.o
    0x08007fda   0x08007fda   0x00000012   Code   RO         1226    i.at_test_set_lora_config  at.o
    0x08007fec   0x08007fec   0x00000008   Code   RO         1227    i.at_test_stop      at.o
    0x08007ff4   0x08007ff4   0x00000012   Code   RO         1228    i.at_test_txTone    at.o
    0x08008006   0x08008006   0x00000014   Code   RO         1229    i.at_test_txlora    at.o
    0x0800801a   0x0800801a   0x00000002   PAD
    0x0800801c   0x0800801c   0x00000014   Code   RO         1230    i.at_version_get    at.o
    0x08008030   0x08008030   0x000000c8   Code   RO         5460    i.ceil              m_ps.l(ceil.o)
    0x080080f8   0x080080f8   0x00000010   Code   RO         5072    i.certif_DownLinkIncrement  lora-test.o
    0x08008108   0x08008108   0x00000014   Code   RO         5073    i.certif_linkCheck  lora-test.o
    0x0800811c   0x0800811c   0x0000000c   Code   RO         5074    i.certif_running    lora-test.o
    0x08008128   0x08008128   0x00000188   Code   RO         5075    i.certif_rx         lora-test.o
    0x080082b0   0x080082b0   0x000000a4   Code   RO         5076    i.certif_tx         lora-test.o
    0x08008354   0x08008354   0x00000018   Code   RO         1682    i.com_error         command.o
    0x0800836c   0x0800836c   0x00000084   Code   RO         5373    i.copy_and_key      aes.o
    0x080083f0   0x080083f0   0x00000042   Code   RO         5374    i.copy_block        aes.o
    0x08008432   0x08008432   0x00000002   PAD
    0x08008434   0x08008434   0x00000104   Code   RO         2346    i.ee_number         tiny_vsnprintf.o
    0x08008538   0x08008538   0x000000c8   Code   RO         5464    i.floor             m_ps.l(floor.o)
    0x08008600   0x08008600   0x0000001c   Code   RO         2751    i.is_in_list        test_rf.o
    0x0800861c   0x0800861c   0x00000008   Code   RO         2091    i.lora_config_appeui_get  lora.o
    0x08008624   0x08008624   0x00000014   Code   RO         2092    i.lora_config_appeui_set  lora.o
    0x08008638   0x08008638   0x00000008   Code   RO         2093    i.lora_config_appkey_get  lora.o
    0x08008640   0x08008640   0x00000014   Code   RO         2094    i.lora_config_appkey_set  lora.o
    0x08008654   0x08008654   0x00000008   Code   RO         2095    i.lora_config_deveui_get  lora.o
    0x0800865c   0x0800865c   0x0000000c   Code   RO         2096    i.lora_config_duty_cycle_get  lora.o
    0x08008668   0x08008668   0x00000018   Code   RO         2097    i.lora_config_duty_cycle_set  lora.o
    0x08008680   0x08008680   0x00000018   Code   RO         2098    i.lora_config_isack_get  lora.o
    0x08008698   0x08008698   0x0000000c   Code   RO         2099    i.lora_config_otaa_get  lora.o
    0x080086a4   0x080086a4   0x0000000c   Code   RO         2100    i.lora_config_otaa_set  lora.o
    0x080086b0   0x080086b0   0x0000000c   Code   RO         2101    i.lora_config_reqack_get  lora.o
    0x080086bc   0x080086bc   0x0000000c   Code   RO         2102    i.lora_config_reqack_set  lora.o
    0x080086c8   0x080086c8   0x0000000c   Code   RO         2103    i.lora_config_rssi_get  lora.o
    0x080086d4   0x080086d4   0x0000000c   Code   RO         2104    i.lora_config_snr_get  lora.o
    0x080086e0   0x080086e0   0x0000000c   Code   RO         2105    i.lora_config_tx_datarate_get  lora.o
    0x080086ec   0x080086ec   0x0000000c   Code   RO         2106    i.lora_config_tx_datarate_set  lora.o
    0x080086f8   0x080086f8   0x00000030   Code   RO         2107    i.lora_wan_certif   lora.o
    0x08008728   0x08008728   0x00000040   Code   RO         2269    i.main              main.o
    0x08008768   0x08008768   0x00000016   Code   RO         5239    i.memcpy1           utilities.o
    0x0800877e   0x0800877e   0x0000001a   Code   RO         5240    i.memcpyr           utilities.o
    0x08008798   0x08008798   0x00000012   Code   RO         5241    i.memset1           utilities.o
    0x080087aa   0x080087aa   0x00000002   PAD
    0x080087ac   0x080087ac   0x00000218   Code   RO         5375    i.mix_sub_columns   aes.o
    0x080089c4   0x080089c4   0x000000b0   Code   RO         1683    i.parse_cmd         command.o
    0x08008a74   0x08008a74   0x00000048   Code   RO         1231    i.print_16_02x      at.o
    0x08008abc   0x08008abc   0x00000054   Code   RO         1232    i.print_8_02x       at.o
    0x08008b10   0x08008b10   0x00000014   Code   RO         1233    i.print_d           at.o
    0x08008b24   0x08008b24   0x00000014   Code   RO         1234    i.print_u           at.o
    0x08008b38   0x08008b38   0x00000034   Code   RO         1235    i.print_uint32_as_02x  at.o
    0x08008b6c   0x08008b6c   0x0000002c   Code   RO         5242    i.rand1             utilities.o
    0x08008b98   0x08008b98   0x00000016   Code   RO         5243    i.randr             utilities.o
    0x08008bae   0x08008bae   0x00000002   PAD
    0x08008bb0   0x08008bb0   0x0000009c   Code   RO         5467    i.round             m_ps.l(round.o)
    0x08008c4c   0x08008c4c   0x00000024   Code   RO         1236    i.set_at_receive    at.o
    0x08008c70   0x08008c70   0x00000068   Code   RO         5376    i.shift_sub_rows    aes.o
    0x08008cd8   0x08008cd8   0x0000000c   Code   RO         5244    i.srand1            utilities.o
    0x08008ce4   0x08008ce4   0x0000004c   Code   RO         1237    i.sscanf_16_hhx     at.o
    0x08008d30   0x08008d30   0x0000002c   Code   RO         1238    i.sscanf_uint32_as_hhx  at.o
    0x08008d5c   0x08008d5c   0x00000014   Code   RO         2319    i.tiny_sscanf       tiny_sscanf.o
    0x08008d70   0x08008d70   0x00000254   Code   RO         2320    i.tiny_vfscanf      tiny_sscanf.o
    0x08008fc4   0x08008fc4   0x0000015c   Code   RO         2347    i.tiny_vsnprintf_like  tiny_vsnprintf.o
    0x08009120   0x08009120   0x00000020   Code   RO         1239    i.translate_status  at.o
    0x08009140   0x08009140   0x0000006c   Code   RO         2374    i.vcom_Dma_IRQHandler  vcom.o
    0x080091ac   0x080091ac   0x000000c8   Code   RO         2375    i.vcom_IRQHandler   vcom.o
    0x08009274   0x08009274   0x00000088   Code   RO         2376    i.vcom_Init         vcom.o
    0x080092fc   0x080092fc   0x00000032   Code   RO         2378    i.vcom_IoInit       vcom.o
    0x0800932e   0x0800932e   0x00000002   PAD
    0x08009330   0x08009330   0x00000044   Code   RO         2379    i.vcom_PrintDMA     vcom.o
    0x08009374   0x08009374   0x00000038   Code   RO         2380    i.vcom_ReceiveInit  vcom.o
    0x080093ac   0x080093ac   0x00000100   Code   RO         2381    i.vcom_Send         vcom.o
    0x080094ac   0x080094ac   0x00000090   Code   RO         2383    i.vcom_StartDMA     vcom.o
    0x0800953c   0x0800953c   0x00000082   Code   RO         5377    i.xor_block         aes.o
    0x080095be   0x080095be   0x00000002   PAD
    0x080095c0   0x080095c0   0x000000e0   Data   RO           43    .constdata          sx1276.o
    0x080096a0   0x080096a0   0x00000074   Data   RO          427    .constdata          mlm32l07x01.o
    0x08009714   0x08009714   0x00000019   Data   RO          511    .constdata          system_stm32l0xx.o
    0x0800972d   0x0800972d   0x00000008   Data   RO          512    .constdata          system_stm32l0xx.o
    0x08009735   0x08009735   0x00000007   Data   RO         1116    .constdata          stm32l0xx_ll_dma.o
    0x0800973c   0x0800973c   0x00000410   Data   RO         1685    .constdata          command.o
    0x08009b4c   0x08009b4c   0x0000000c   Data   RO         1880    .constdata          hw_rtc.o
    0x08009b58   0x08009b58   0x00000007   Data   RO         2385    .constdata          vcom.o
    0x08009b5f   0x08009b5f   0x00000001   PAD
    0x08009b60   0x08009b60   0x00000034   Data   RO         2752    .constdata          test_rf.o
    0x08009b94   0x08009b94   0x00000010   Data   RO         2859    .constdata          loramac.o
    0x08009ba4   0x08009ba4   0x00000060   Data   RO         3302    .constdata          regionas923.o
    0x08009c04   0x08009c04   0x00000300   Data   RO         5378    .constdata          aes.o
    0x08009f04   0x08009f04   0x000000a4   Data   RO         1242    .conststring        at.o
    0x08009fa8   0x08009fa8   0x00000b56   Data   RO         1686    .conststring        command.o
    0x0800aafe   0x0800aafe   0x00000002   PAD
    0x0800ab00   0x0800ab00   0x0000004d   Data   RO         2348    .conststring        tiny_vsnprintf.o
    0x0800ab4d   0x0800ab4d   0x00000003   PAD
    0x0800ab50   0x0800ab50   0x00000020   Data   RO         5557    Region$$Table       anon$$obj.o


    Execution Region RW_IRAM1 (Exec base: 0x20000000, Load base: 0x0800ab70, Size: 0x00001220, Max: 0x00005000, ABSOLUTE, COMPRESSED[0x00000098])

    Exec Addr    Load Addr    Size         Type   Attr      Idx    E Section Name        Object

    0x20000000   COMPRESSED   0x00000020   Data   RW           44    .data               sx1276.o
    0x20000020   COMPRESSED   0x00000018   Data   RW          428    .data               mlm32l07x01.o
    0x20000038   COMPRESSED   0x00000004   Data   RW          513    .data               system_stm32l0xx.o
    0x2000003c   COMPRESSED   0x00000010   Data   RW         1243    .data               at.o
    0x2000004c   COMPRESSED   0x00000004   Data   RW         1687    .data               command.o
    0x20000050   COMPRESSED   0x00000004   Data   RW         1881    .data               hw_rtc.o
    0x20000054   COMPRESSED   0x00000060   Data   RW         2109    .data               lora.o
    0x200000b4   COMPRESSED   0x00000024   Data   RW         2270    .data               main.o
    0x200000d8   COMPRESSED   0x00000008   Data   RW         2349    .data               tiny_vsnprintf.o
    0x200000e0   COMPRESSED   0x0000000c   Data   RW         2511    .data               mlm32l0xx_hw.o
    0x200000ec   COMPRESSED   0x00000020   Data   RW         2753    .data               test_rf.o
    0x2000010c   COMPRESSED   0x00000068   Data   RW         2860    .data               loramac.o
    0x20000174   COMPRESSED   0x00000020   Data   RW         3068    .data               loramaccrypto.o
    0x20000194   COMPRESSED   0x00000014   Data   RW         3303    .data               regionas923.o
    0x200001a8   COMPRESSED   0x00000002   Data   RW         5078    .data               lora-test.o
    0x200001aa   COMPRESSED   0x00000002   PAD
    0x200001ac   COMPRESSED   0x00000004   Data   RW         5161    .data               timeserver.o
    0x200001b0   COMPRESSED   0x00000004   Data   RW         5245    .data               utilities.o
    0x200001b4   COMPRESSED   0x00000008   Data   RW         5306    .data               low_power_manager.o
    0x200001bc        -       0x000001a4   Zero   RW           42    .bss                sx1276.o
    0x20000360        -       0x00000040   Zero   RW         1240    .bss                at.o
    0x200003a0        -       0x000000ff   Zero   RW         1241    .bss                at.o
    0x2000049f        -       0x00000080   Zero   RW         1684    .bss                command.o
    0x2000051f   COMPRESSED   0x00000001   PAD
    0x20000520        -       0x00000040   Zero   RW         1779    .bss                hw_gpio.o
    0x20000560        -       0x00000014   Zero   RW         1879    .bss                hw_rtc.o
    0x20000574        -       0x00000040   Zero   RW         2108    .bss                lora.o
    0x200005b4        -       0x000000ac   Zero   RW         2384    .bss                vcom.o
    0x20000660        -       0x00000470   Zero   RW         2858    .bss                loramac.o
    0x20000ad0        -       0x0000022c   Zero   RW         3067    .bss                loramaccrypto.o
    0x20000cfc        -       0x000000c0   Zero   RW         3301    .bss                regionas923.o
    0x20000dbc        -       0x0000005e   Zero   RW         5077    .bss                lora-test.o
    0x20000e1a   COMPRESSED   0x00000006   PAD
    0x20000e20        -       0x00000400   Zero   RW         1155    STACK               startup_stm32l072xx.o


==============================================================================

Image component sizes


      Code (inc. data)   RO Data    RW Data    ZI Data      Debug   Object Name

      1304         12        768          0          0      14624   aes.o
      2730        336        164         16        319      72244   at.o
       554          0          0          0          0       4577   cmac.o
       304         22       3942          4        128       4025   command.o
        98          8          0          0          0      11391   debug.o
         8          0          0          0          0       1166   delay.o
       656         82          0          0         64      32511   hw_gpio.o
      1548        154         12          4         20      74217   hw_rtc.o
       264         28          0          0          0      18305   hw_spi.o
       612         52          0          2         94       7395   lora-test.o
       982        164          0         96         64      15622   lora.o
      7436        536         16        104       1136      48443   loramac.o
       604         42          0         32        556       7971   loramaccrypto.o
       178         22          0          8          0       5530   low_power_manager.o
       164         18          0         36          0      17034   main.o
       668         54        116         24          0      14401   mlm32l07x01.o
      2010        280          0         12          0      84379   mlm32l0xx_hw.o
       148          0          0          0          0       3227   mlm32l0xx_it.o
       426          0          0          0          0      25189   region.o
      2744        274         96         20        192      30008   regionas923.o
      1038         22          0          0          0      15214   regioncommon.o
        28          8        192          0       1024        664   startup_stm32l072xx.o
       124         18          0          0          0      11153   stm32l0xx_hal_cortex.o
       128         10          7          0          0      17082   stm32l0xx_ll_dma.o
       112          6          0          0          0      14989   stm32l0xx_ll_lpuart.o
       296         66          0          0          0      22084   stm32l0xx_ll_rcc.o
       192         12          0          0          0      31967   stm32l0xx_ll_rtc.o
       108          6          0          0          0      15362   stm32l0xx_ll_spi.o
      5346        316        224         32        420     304183   sx1276.o
        84         18         33          4          0       1847   system_stm32l0xx.o
      1148        258         52         32          0       7423   test_rf.o
       484         16          0          4          0       8431   timeserver.o
       616         22          0          0          0       4542   tiny_sscanf.o
       608         16         77          8          0       4606   tiny_vsnprintf.o
       144         24          0          4          0       4923   utilities.o
      1082         90          7          0        172      55902   vcom.o

    ----------------------------------------------------------------------
     35022       2992       5744        444       4196    1012631   Object Totals
         0          0         32          0          0          0   (incl. Generated)
        46          0          6          2          7          0   (incl. Padding)

    ----------------------------------------------------------------------

      Code (inc. data)   RO Data    RW Data    ZI Data      Debug   Library Member Name

       200         20          0          0          0         76   ceil.o
       200         20          0          0          0         76   floor.o
       156         14          0          0          0         84   round.o
        86          0          0          0          0          0   __dczerorl2.o
         0          0          0          0          0          0   entry.o
         0          0          0          0          0          0   entry10a.o
         0          0          0          0          0          0   entry11a.o
         8          4          0          0          0          0   entry2.o
         4          0          0          0          0          0   entry5.o
         0          0          0          0          0          0   entry7b.o
         0          0          0          0          0          0   entry8b.o
         8          4          0          0          0          0   entry9a.o
        30          0          0          0          0          0   handlers.o
        40          0          0          0          0         72   idiv.o
        36          8          0          0          0         68   init.o
         0          0          0          0          0          0   iusefp.o
       122          0          0          0          0         84   llmul.o
        32          0          0          0          0         68   llshl.o
        38          0          0          0          0         68   llsshr.o
        34          0          0          0          0         68   llushr.o
        36          0          0          0          0         60   memcpya.o
        36          0          0          0          0        100   memseta.o
        14          0          0          0          0         60   strlen.o
        30          0          0          0          0         72   strncmp.o
        44          0          0          0          0         72   uidiv.o
        96          0          0          0          0         84   uldiv.o
        20          0          0          0          0         60   uread4.o
        40          2          0          0          0         68   cdcmple.o
        40          2          0          0          0         68   cdrcmple.o
       356          4          0          0          0        140   dadd.o
       240          6          0          0          0         84   ddiv.o
       236          0          0          0          0        216   depilogue.o
        72         10          0          0          0         72   dfixi.o
        60         10          0          0          0         68   dfixui.o
        40          6          0          0          0         68   dflti.o
        28          4          0          0          0         68   dfltui.o
       208          6          0          0          0         88   dmul.o
       124         10          0          0          0         76   drnd.o
        44          0          0          0          0         72   dscalb.o
        40          0          0          0          0         60   f2d.o
       178          0          0          0          0        108   fadd.o
       130          0          0          0          0        144   fepilogue.o
        14          0          0          0          0         68   ffltui.o

    ----------------------------------------------------------------------
      3122        130          0          0          0       2640   Library Totals
         2          0          0          0          0          0   (incl. Padding)

    ----------------------------------------------------------------------

      Code (inc. data)   RO Data    RW Data    ZI Data      Debug   Library Name

       556         54          0          0          0        236   m_ps.l
       714         16          0          0          0        936   mc_p.l
      1850         60          0          0          0       1468   mf_p.l

    ----------------------------------------------------------------------
      3122        130          0          0          0       2640   Library Totals

    ----------------------------------------------------------------------

==============================================================================


      Code (inc. data)   RO Data    RW Data    ZI Data      Debug   

     38144       3122       5744        444       4196     996075   Grand Totals
     38144       3122       5744        152       4196     996075   ELF Image Totals (compressed)
     38144       3122       5744        152          0          0   ROM Totals

==============================================================================

    Total RO  Size (Code + RO Data)                43888 (  42.86kB)
    Total RW  Size (RW Data + ZI Data)              4640 (   4.53kB)
    Total ROM Size (Code + RO Data + RW Data)      44040 (  43.01kB)

==============================================================================

