<html>
<body>
<pre>
<h1>µVision Build Log</h1>
<h2>Tool Versions:</h2>
IDE-Version: µVision V5.25.2.0
Copyright (C) 2018 ARM Ltd and ARM Germany GmbH. All rights reserved.
License Information: Pisit Rojthongkham, STmicroelectronics Thailand, LIC=50D8V-8RGN6-URV1M-VRLQJ-MI3F8-TZ5F7
 
Tool Versions:
Toolchain:       MDK-ARM Professional  Version: 5.25.2.0
Toolchain Path:  C:\Keil_v5\ARM\ARMCC\Bin
C Compiler:      Armcc.exe V5.06 update 6 (build 750)
Assembler:       Armasm.exe V5.06 update 6 (build 750)
Linker/Locator:  ArmLink.exe V5.06 update 6 (build 750)
Library Manager: ArmAr.exe V5.06 update 6 (build 750)
Hex Converter:   FromElf.exe V5.06 update 6 (build 750)
CPU DLL:         SARMCM3.DLL V5.25.2.0
Dialog DLL:      DARMCM1.DLL V1.19.1.0
Target DLL:      STLink\ST-LINKIII-KEIL_SWO.dll V3.0.1.0
Dialog DLL:      TARMCM1.DLL V1.14.0.0
 
<h2>Project:</h2>
C:\MyWork\2018\LoRa - CAT and ST\STM32CubeExpansion_LRWAN_V1.1.5\Projects\Multi\Applications\LoRa\AT_Slave\MDK-ARM\B-L072Z-LRWAN1\Lora.uvprojx
Project File Date:  08/20/2018

<h2>Output:</h2>
*** Using Compiler 'V5.06 update 6 (build 750)', folder: 'C:\Keil_v5\ARM\ARMCC\Bin'
Rebuild target 'mlm32l07x01'
compiling system_stm32l0xx.c...
compiling stm32l0xx_ll_adc.c...
compiling stm32l0xx_ll_gpio.c...
compiling stm32l0xx_ll_lpuart.c...
compiling mlm32l07x01.c...
compiling stm32l0xx_ll_rcc.c...
compiling sx1276.c...
compiling stm32l0xx_ll_rtc.c...
compiling stm32l0xx_ll_spi.c...
compiling stm32l0xx_hal.c...
assembling startup_stm32l072xx.s...
compiling stm32l0xx_ll_dma.c...
compiling stm32l0xx_hal_cortex.c...
compiling at.c...
compiling command.c...
compiling debug.c...
compiling hw_gpio.c...
compiling hw_spi.c...
compiling hw_rtc.c...
compiling tiny_sscanf.c...
compiling tiny_vsnprintf.c...
compiling main.c...
compiling lora.c...
..\..\src\lora.c(576): warning:  #223-D: function "LoRaMacTestSetDutyCycleOn" declared implicitly
    LoRaMacTestSetDutyCycleOn((duty_cycle == LORA_ENABLE) ? 1 : 0);
..\..\src\lora.c(668): warning:  #223-D: function "LoRaMacTestSetDutyCycleOn" declared implicitly
    LoRaMacTestSetDutyCycleOn( false );
..\..\src\lora.c: 2 warnings, 0 errors
compiling vcom.c...
compiling mlm32l0xx_it.c...
compiling mlm32l0xx_hw.c...
compiling test_rf.c...
compiling LoRaMacCrypto.c...
compiling LoRaMac.c...
compiling Region.c...
compiling RegionAS923.c...
compiling RegionAU915.c...
compiling RegionCN470.c...
compiling RegionCN779.c...
compiling RegionCommon.c...
compiling RegionEU433.c...
compiling RegionEU868.c...
compiling RegionIN865.c...
compiling RegionKR920.c...
compiling RegionUS915.c...
compiling RegionUS915-Hybrid.c...
compiling lora-test.c...
compiling utilities.c...
compiling delay.c...
compiling timeServer.c...
compiling aes.c...
compiling cmac.c...
compiling low_power_manager.c...
linking...
Program Size: Code=38144 RO-data=5744 RW-data=444 ZI-data=4196  
FromELF: creating hex file...
After Build - User command #1: C:\Keil_v5\\ARM\ARMCC\bin\fromelf.exe --bin --output=Lora.bin .\mlm32l07x01\Lora.axf
".\mlm32l07x01\Lora.axf" - 0 Error(s), 2 Warning(s).

<h2>Software Packages used:</h2>

Package Vendor: Keil
                http://www.keil.com/pack/Keil.STM32L0xx_DFP.2.0.0.pack
                Keil.STM32L0xx_DFP.2.0.0
                STMicroelectronics STM32L0 Series Device Support, Drivers and Examples

<h2>Collection of Component include folders:</h2>
  .\RTE\_mlm32l07x01
  C:\Keil_v5\ARM\PACK\Keil\STM32L0xx_DFP\2.0.0\Drivers\CMSIS\Device\ST\STM32L0xx\Include

<h2>Collection of Component Files used:</h2>
Build Time Elapsed:  00:01:01
</pre>
</body>
</html>
